components/AccountsCard.tsx(66,73): error TS2769: No overload matches this call.
  The last overload gave the following error.
    Object literal may only specify known properties, and 'size' does not exist in type 'Partial<unknown> & Attributes'.
components/ApprovalQueue.tsx(30,11): error TS2339: Property 'currentUser' does not exist on type 'AuthContextType'.
components/ApprovalQueue.tsx(162,15): error TS2322: Type '"secondary"' is not assignable to type '"default" | "outline" | "destructive" | "ghost"'.
components/ApprovalQueue.tsx(327,21): error TS2322: Type '"secondary"' is not assignable to type '"default" | "outline" | "destructive" | "ghost"'.
components/ApprovalQueue.tsx(334,21): error TS2322: Type '"secondary"' is not assignable to type '"default" | "outline" | "destructive" | "ghost"'.
components/ApprovalQueue.tsx(343,21): error TS2322: Type '"secondary"' is not assignable to type '"default" | "outline" | "destructive" | "ghost"'.
components/ApprovalQueue.tsx(394,17): error TS2322: Type '"secondary"' is not assignable to type '"default" | "outline" | "destructive" | "ghost"'.
components/BankingReports.tsx(316,69): error TS2322: Type 'string' is not assignable to type '"" | "Deposit" | "Withdrawal" | "Transfer" | "Fee" | "Interest" | "Payment"'.
components/CanvasPageRenderer.tsx(2,80): error TS2307: Cannot find module '../contracts/RenderModel' or its corresponding type declarations.
components/ErrorBoundary.tsx(4,10): error TS2305: Module '"../types"' has no exported member 'AuditLogEntry'.
components/ExaminationInvoice.tsx(3,10): error TS2305: Module '"../types"' has no exported member 'ExamInvoiceClassSummary'.
components/PricingCalculator.tsx(229,85): error TS2339: Property 'cost' does not exist on type 'FinishingOptionWithMaterial'.
components/PricingCalculator.tsx(232,58): error TS2339: Property 'id' does not exist on type 'FinishingOptionWithMaterial'.
components/PricingCalculator.tsx(235,97): error TS2339: Property 'id' does not exist on type 'FinishingOptionWithMaterial'.
components/PricingCalculator.tsx(242,65): error TS2339: Property 'name' does not exist on type 'FinishingOptionWithMaterial'.
components/PricingCalculator.tsx(260,111): error TS2339: Property 'id' does not exist on type 'FinishingOptionWithMaterial'.
components/ReportViewer.tsx(115,14): error TS2678: Type '"print"' is not comparable to type 'ExportFormat'.
components/ReportViewer.tsx(510,49): error TS2352: Conversion of type 'ChangeEvent<HTMLSelectElement, HTMLSelectElement>' to type 'ExportFormat' may be a mistake because neither type sufficiently overlaps with the other. If this was intentional, convert the expression to 'unknown' first.
components/ReportViewer.tsx(511,15): error TS2322: Type '{ value: string; onChange: (value: ChangeEvent<HTMLSelectElement, HTMLSelectElement>) => void; options: { value: string; label: string; }[]; className: string; }' is not assignable to type 'IntrinsicAttributes & SelectHTMLAttributes<HTMLSelectElement> & { label?: string; error?: string; } & RefAttributes<HTMLSelectElement>'.
  Property 'options' does not exist on type 'IntrinsicAttributes & SelectHTMLAttributes<HTMLSelectElement> & { label?: string; error?: string; } & RefAttributes<HTMLSelectElement>'.
components/ReportViewer.tsx(541,33): error TS2339: Property 'charts' does not exist on type 'ReportResult'.
components/ReportViewer.tsx(541,50): error TS2339: Property 'charts' does not exist on type 'ReportResult'.
components/ReportViewer.tsx(593,21): error TS2339: Property 'charts' does not exist on type 'ReportResult'.
components/ReportViewer.tsx(651,40): error TS2345: Argument of type 'ChangeEvent<HTMLSelectElement, HTMLSelectElement>' is not assignable to parameter of type 'string'.
components/ReportViewer.tsx(654,17): error TS2322: Type '{ value: string; onChange: (value: ChangeEvent<HTMLSelectElement, HTMLSelectElement>) => void; options: { value: string; label: string; }[]; className: string; }' is not assignable to type 'IntrinsicAttributes & SelectHTMLAttributes<HTMLSelectElement> & { label?: string; error?: string; } & RefAttributes<HTMLSelectElement>'.
  Property 'options' does not exist on type 'IntrinsicAttributes & SelectHTMLAttributes<HTMLSelectElement> & { label?: string; error?: string; } & RefAttributes<HTMLSelectElement>'.
components/TopBar.tsx(62,9): error TS2367: This comparison appears to be unintentional because the types '"All" | "Alerts" | "Reminders"' and '"Tasks"' have no overlap.
components/TopBar.tsx(252,71): error TS2345: Argument of type '"All" | "Alerts" | "Reminders" | "Tasks"' is not assignable to parameter of type 'SetStateAction<"All" | "Alerts" | "Reminders">'.
  Type '"Tasks"' is not assignable to type 'SetStateAction<"All" | "Alerts" | "Reminders">'.
constants.ts(2,10): error TS2305: Module '"./types"' has no exported member 'Item'.
constants.ts(2,16): error TS2305: Module '"./types"' has no exported member 'User'.
constants.ts(2,22): error TS2305: Module '"./types"' has no exported member 'Account'.
constants.ts(2,31): error TS2305: Module '"./types"' has no exported member 'Warehouse'.
constants.ts(2,42): error TS2305: Module '"./types"' has no exported member 'WorkCenter'.
constants.ts(2,54): error TS2305: Module '"./types"' has no exported member 'ProductionResource'.
constants.ts(2,74): error TS2305: Module '"./types"' has no exported member 'PermissionNode'.
constants.ts(2,90): error TS2305: Module '"./types"' has no exported member 'UserGroup'.
context/AuthContext.tsx(2,10): error TS2305: Module '"../types"' has no exported member 'User'.
context/AuthContext.tsx(2,16): error TS2305: Module '"../types"' has no exported member 'UserRole'.
context/AuthContext.tsx(2,26): error TS2305: Module '"../types"' has no exported member 'UserGroup'.
context/AuthContext.tsx(2,37): error TS2305: Module '"../types"' has no exported member 'PasswordPolicy'.
context/AuthContext.tsx(2,68): error TS2305: Module '"../types"' has no exported member 'AuditLogEntry'.
context/AuthContext.tsx(2,83): error TS2305: Module '"../types"' has no exported member 'SystemAlert'.
context/AuthContext.tsx(2,96): error TS2305: Module '"../types"' has no exported member 'Reminder'.
context/AuthContext.tsx(164,11): error TS2353: Object literal may only specify known properties, and 'sidebarStyle' does not exist in type 'AppearanceConfig'.
context/AuthContext.tsx(167,11): error TS2322: Type '"AVCO"' is not assignable to type '"FIFO" | "LIFO" | "WeightedAverage" | "StandardCost"'.
context/AuthContext.tsx(173,7): error TS2739: Type '{ autoConsumeMaterials: false; requireQAApproval: false; allowOverproduction: false; trackMachineDownTime: true; showKioskSummary: true; }' is missing the following properties from type 'ProductionSettingsConfig': defaultWorkCenterId, defaultExamBomId
context/AuthContext.tsx(207,13): error TS2741: Property 'resetInterval' is missing in type '{ prefix: string; startNumber: number; padding: number; }' but required in type '{ prefix: string; padding: number; startNumber: number; resetInterval: "Never" | "Daily" | "Monthly" | "Yearly"; }'.
context/AuthContext.tsx(208,13): error TS2741: Property 'resetInterval' is missing in type '{ prefix: string; startNumber: number; padding: number; }' but required in type '{ prefix: string; padding: number; startNumber: number; resetInterval: "Never" | "Daily" | "Monthly" | "Yearly"; }'.
context/AuthContext.tsx(209,13): error TS2741: Property 'resetInterval' is missing in type '{ prefix: string; startNumber: number; padding: number; }' but required in type '{ prefix: string; padding: number; startNumber: number; resetInterval: "Never" | "Daily" | "Monthly" | "Yearly"; }'.
context/AuthContext.tsx(210,13): error TS2741: Property 'resetInterval' is missing in type '{ prefix: string; startNumber: number; padding: number; }' but required in type '{ prefix: string; padding: number; startNumber: number; resetInterval: "Never" | "Daily" | "Monthly" | "Yearly"; }'.
context/AuthContext.tsx(211,13): error TS2741: Property 'resetInterval' is missing in type '{ prefix: string; startNumber: number; padding: number; }' but required in type '{ prefix: string; padding: number; startNumber: number; resetInterval: "Never" | "Daily" | "Monthly" | "Yearly"; }'.
context/AuthContext.tsx(212,17): error TS2741: Property 'resetInterval' is missing in type '{ prefix: string; startNumber: number; padding: number; }' but required in type '{ prefix: string; padding: number; startNumber: number; resetInterval: "Never" | "Daily" | "Monthly" | "Yearly"; }'.
context/AuthContext.tsx(213,17): error TS2741: Property 'resetInterval' is missing in type '{ prefix: string; startNumber: number; padding: number; }' but required in type '{ prefix: string; padding: number; startNumber: number; resetInterval: "Never" | "Daily" | "Monthly" | "Yearly"; }'.
context/AuthContext.tsx(214,17): error TS2741: Property 'resetInterval' is missing in type '{ prefix: string; startNumber: number; padding: number; }' but required in type '{ prefix: string; padding: number; startNumber: number; resetInterval: "Never" | "Daily" | "Monthly" | "Yearly"; }'.
context/AuthContext.tsx(215,17): error TS2741: Property 'resetInterval' is missing in type '{ prefix: string; startNumber: number; padding: number; }' but required in type '{ prefix: string; padding: number; startNumber: number; resetInterval: "Never" | "Daily" | "Monthly" | "Yearly"; }'.
context/AuthContext.tsx(216,17): error TS2741: Property 'resetInterval' is missing in type '{ prefix: string; startNumber: number; padding: number; }' but required in type '{ prefix: string; padding: number; startNumber: number; resetInterval: "Never" | "Daily" | "Monthly" | "Yearly"; }'.
context/AuthContext.tsx(217,17): error TS2741: Property 'resetInterval' is missing in type '{ prefix: string; startNumber: number; padding: number; }' but required in type '{ prefix: string; padding: number; startNumber: number; resetInterval: "Never" | "Daily" | "Monthly" | "Yearly"; }'.
context/AuthContext.tsx(218,17): error TS2741: Property 'resetInterval' is missing in type '{ prefix: string; startNumber: number; padding: number; }' but required in type '{ prefix: string; padding: number; startNumber: number; resetInterval: "Never" | "Daily" | "Monthly" | "Yearly"; }'.
context/AuthContext.tsx(219,17): error TS2741: Property 'resetInterval' is missing in type '{ prefix: string; startNumber: number; padding: number; }' but required in type '{ prefix: string; padding: number; startNumber: number; resetInterval: "Never" | "Daily" | "Monthly" | "Yearly"; }'.
context/AuthContext.tsx(220,17): error TS2741: Property 'resetInterval' is missing in type '{ prefix: string; startNumber: number; padding: number; }' but required in type '{ prefix: string; padding: number; startNumber: number; resetInterval: "Never" | "Daily" | "Monthly" | "Yearly"; }'.
context/AuthContext.tsx(221,17): error TS2741: Property 'resetInterval' is missing in type '{ prefix: string; startNumber: number; padding: number; }' but required in type '{ prefix: string; padding: number; startNumber: number; resetInterval: "Never" | "Daily" | "Monthly" | "Yearly"; }'.
context/AuthContext.tsx(222,17): error TS2741: Property 'resetInterval' is missing in type '{ prefix: string; startNumber: number; padding: number; }' but required in type '{ prefix: string; padding: number; startNumber: number; resetInterval: "Never" | "Daily" | "Monthly" | "Yearly"; }'.
context/AuthContext.tsx(226,15): error TS2353: Object literal may only specify known properties, and 'requireCustomer' does not exist in type '{ showItemImages: boolean; enableShortcuts: boolean; allowReturns: boolean; allowDiscounts: boolean; gridColumns: number; showCategoryFilters: boolean; photocopyPrice: number; typePrintingPrice: number; receiptFooter: string; }'.
context/ExaminationContext.tsx(3,3): error TS2305: Module '"../types"' has no exported member 'ExaminationJob'.
context/ExaminationContext.tsx(4,3): error TS2305: Module '"../types"' has no exported member 'ExaminationJobSubject'.
context/ExaminationContext.tsx(5,3): error TS2305: Module '"../types"' has no exported member 'ExaminationInvoiceGroup'.
context/ExaminationContext.tsx(6,3): error TS2305: Module '"../types"' has no exported member 'ExaminationRecurringProfile'.
context/ExaminationContext.tsx(7,3): error TS2305: Module '"../types"' has no exported member 'ExaminationJobPayload'.
context/ExaminationContext.tsx(8,3): error TS2305: Module '"../types"' has no exported member 'ExaminationGroupPayload'.
context/ExaminationContext.tsx(9,3): error TS2305: Module '"../types"' has no exported member 'ExaminationRecurringPayload'.
context/ExaminationContext.tsx(10,3): error TS2305: Module '"../types"' has no exported member 'School'.
context/ExaminationContext.tsx(11,3): error TS2305: Module '"../types"' has no exported member 'Customer'.
context/ExaminationContext.tsx(12,3): error TS2305: Module '"../types"' has no exported member 'MarketAdjustment'.
context/ExaminationContext.tsx(13,3): error TS2305: Module '"../types"' has no exported member 'ExaminationBatch'.
context/ExaminationContext.tsx(14,3): error TS2305: Module '"../types"' has no exported member 'ExaminationClass'.
context/ExaminationContext.tsx(15,3): error TS2305: Module '"../types"' has no exported member 'ExaminationSubject'.
context/FinanceContext.tsx(6,10): error TS2305: Module '"../types"' has no exported member 'Account'.
context/FinanceContext.tsx(6,19): error TS2305: Module '"../types"' has no exported member 'LedgerEntry'.
context/FinanceContext.tsx(6,32): error TS2305: Module '"../types"' has no exported member 'Invoice'.
context/FinanceContext.tsx(6,41): error TS2305: Module '"../types"' has no exported member 'Expense'.
context/FinanceContext.tsx(6,50): error TS2305: Module '"../types"' has no exported member 'RecurringInvoice'.
context/FinanceContext.tsx(6,68): error TS2305: Module '"../types"' has no exported member 'ScheduledPayment'.
context/FinanceContext.tsx(6,86): error TS2305: Module '"../types"' has no exported member 'WalletTransaction'.
context/FinanceContext.tsx(6,105): error TS2305: Module '"../types"' has no exported member 'DeliveryNote'.
context/FinanceContext.tsx(6,119): error TS2305: Module '"../types"' has no exported member 'Budget'.
context/FinanceContext.tsx(6,127): error TS2305: Module '"../types"' has no exported member 'Transfer'.
context/FinanceContext.tsx(6,137): error TS2305: Module '"../types"' has no exported member 'Employee'.
context/FinanceContext.tsx(6,147): error TS2305: Module '"../types"' has no exported member 'PayrollRun'.
context/FinanceContext.tsx(6,159): error TS2305: Module '"../types"' has no exported member 'Payslip'.
context/FinanceContext.tsx(6,168): error TS2305: Module '"../types"' has no exported member 'Income'.
context/FinanceContext.tsx(6,176): error TS2305: Module '"../types"' has no exported member 'Cheque'.
context/FinanceContext.tsx(6,184): error TS2305: Module '"../types"' has no exported member 'ZReport'.
context/FinanceContext.tsx(6,193): error TS2305: Module '"../types"' has no exported member 'SupplierPayment'.
context/FinanceContext.tsx(6,210): error TS2305: Module '"../types"' has no exported member 'CustomerPayment'.
context/FinanceContext.tsx(735,36): error TS2339: Property 'lateFeePolicy' does not exist on type 'CompanyConfig'.
context/InventoryContext.tsx(2,10): error TS2305: Module '"../types"' has no exported member 'Item'.
context/InventoryContext.tsx(2,16): error TS2305: Module '"../types"' has no exported member 'Warehouse'.
context/InventoryContext.tsx(2,27): error TS2305: Module '"../types"' has no exported member 'Purchase'.
context/InventoryContext.tsx(2,37): error TS2305: Module '"../types"' has no exported member 'GoodsReceipt'.
context/InventoryContext.tsx(2,51): error TS2305: Module '"../types"' has no exported member 'BillOfMaterial'.
context/InventoryContext.tsx(2,67): error TS2305: Module '"../types"' has no exported member 'SystemAlert'.
context/InventoryContext.tsx(2,80): error TS2305: Module '"../types"' has no exported member 'LedgerEntry'.
context/InventoryContext.tsx(2,93): error TS2305: Module '"../types"' has no exported member 'MarketAdjustment'.
context/OrdersContext.tsx(3,10): error TS2305: Module '"../types"' has no exported member 'Order'.
context/OrdersContext.tsx(3,17): error TS2305: Module '"../types"' has no exported member 'OrderPayment'.
context/OrdersContext.tsx(3,31): error TS2305: Module '"../types"' has no exported member 'OrderItem'.
context/OrdersContext.tsx(3,42): error TS2305: Module '"../types"' has no exported member 'Quotation'.
context/OrdersContext.tsx(84,15): error TS2554: Expected 2-3 arguments, but got 1.
context/OrdersContext.tsx(107,13): error TS2554: Expected 2-3 arguments, but got 1.
context/OrdersContext.tsx(164,13): error TS2554: Expected 2-3 arguments, but got 1.
context/OrdersContext.tsx(201,13): error TS2554: Expected 2-3 arguments, but got 1.
context/PricingCalculatorContext.tsx(2,10): error TS2305: Module '"../types"' has no exported member 'Item'.
context/PricingCalculatorContext.tsx(2,16): error TS2305: Module '"../types"' has no exported member 'MarketAdjustment'.
context/PricingCalculatorContext.tsx(2,34): error TS2305: Module '"../types"' has no exported member 'BOMTemplate'.
context/PricingCalculatorContext.tsx(2,47): error TS2305: Module '"../types"' has no exported member 'FinishingOption'.
context/PricingCalculatorContext.tsx(2,64): error TS2305: Module '"../types"' has no exported member 'ExaminationBatch'.
context/PricingCalculatorContext.tsx(2,82): error TS2305: Module '"../types"' has no exported member 'ExaminationClass'.
context/PricingCalculatorContext.tsx(2,100): error TS2305: Module '"../types"' has no exported member 'ExaminationSubject'.
context/PricingCalculatorContext.tsx(92,9): error TS2353: Object literal may only specify known properties, and 'id' does not exist in type 'FinishingOptionWithMaterial'.
context/PricingCalculatorContext.tsx(102,9): error TS2353: Object literal may only specify known properties, and 'id' does not exist in type 'FinishingOptionWithMaterial'.
context/PricingCalculatorContext.tsx(112,9): error TS2353: Object literal may only specify known properties, and 'id' does not exist in type 'FinishingOptionWithMaterial'.
context/PricingCalculatorContext.tsx(164,29): error TS2339: Property 'id' does not exist on type 'FinishingOptionWithMaterial'.
context/PricingCalculatorContext.tsx(168,36): error TS2339: Property 'id' does not exist on type 'FinishingOptionWithMaterial'.
context/PricingCalculatorContext.tsx(172,36): error TS2339: Property 'id' does not exist on type 'FinishingOptionWithMaterial'.
context/PricingCalculatorContext.tsx(255,62): error TS2339: Property 'cost' does not exist on type 'FinishingOptionWithMaterial'.
context/PricingCalculatorContext.tsx(376,17): error TS2339: Property 'id' does not exist on type 'FinishingOptionWithMaterial'.
context/PricingCalculatorContext.tsx(384,17): error TS2339: Property 'id' does not exist on type 'FinishingOptionWithMaterial'.
context/ProcurementContext.tsx(3,10): error TS2305: Module '"../types"' has no exported member 'Purchase'.
context/ProcurementContext.tsx(3,20): error TS2305: Module '"../types"' has no exported member 'GoodsReceipt'.
context/ProcurementContext.tsx(3,34): error TS2305: Module '"../types"' has no exported member 'SubcontractOrder'.
context/ProcurementContext.tsx(3,52): error TS2305: Module '"../types"' has no exported member 'Supplier'.
context/ProductionContext.tsx(3,10): error TS2305: Module '"../types"' has no exported member 'ProductionBatch'.
context/ProductionContext.tsx(3,27): error TS2305: Module '"../types"' has no exported member 'WorkOrder'.
context/ProductionContext.tsx(3,38): error TS2305: Module '"../types"' has no exported member 'WorkCenter'.
context/ProductionContext.tsx(3,50): error TS2305: Module '"../types"' has no exported member 'ProductionResource'.
context/ProductionContext.tsx(3,70): error TS2305: Module '"../types"' has no exported member 'ProductionLog'.
context/ProductionContext.tsx(3,85): error TS2305: Module '"../types"' has no exported member 'ResourceAllocation'.
context/ProductionContext.tsx(3,105): error TS2305: Module '"../types"' has no exported member 'BillOfMaterial'.
context/ProductionContext.tsx(3,121): error TS2305: Module '"../types"' has no exported member 'MaterialReservation'.
context/ProductionContext.tsx(3,142): error TS2305: Module '"../types"' has no exported member 'BOMTemplate'.
context/ProductionContext.tsx(3,155): error TS2305: Module '"../types"' has no exported member 'QACheck'.
context/SalesContext.tsx(6,10): error TS2305: Module '"../types"' has no exported member 'Sale'.
context/SalesContext.tsx(6,16): error TS2305: Module '"../types"' has no exported member 'Quotation'.
context/SalesContext.tsx(6,27): error TS2305: Module '"../types"' has no exported member 'JobOrder'.
context/SalesContext.tsx(6,37): error TS2305: Module '"../types"' has no exported member 'HeldOrder'.
context/SalesContext.tsx(6,48): error TS2305: Module '"../types"' has no exported member 'ZReport'.
context/SalesContext.tsx(6,57): error TS2305: Module '"../types"' has no exported member 'CustomerPayment'.
context/SalesContext.tsx(6,74): error TS2305: Module '"../types"' has no exported member 'Invoice'.
context/SalesContext.tsx(6,83): error TS2305: Module '"../types"' has no exported member 'WorkOrder'.
context/SalesContext.tsx(6,94): error TS2305: Module '"../types"' has no exported member 'LedgerEntry'.
context/SalesContext.tsx(6,107): error TS2305: Module '"../types"' has no exported member 'RecurringInvoice'.
context/SalesContext.tsx(6,125): error TS2305: Module '"../types"' has no exported member 'WalletTransaction'.
context/SalesContext.tsx(6,144): error TS2305: Module '"../types"' has no exported member 'CartItem'.
context/SalesContext.tsx(6,154): error TS2305: Module '"../types"' has no exported member 'Customer'.
context/SalesContext.tsx(6,164): error TS2305: Module '"../types"' has no exported member 'SalesExchange'.
context/SalesContext.tsx(6,179): error TS2305: Module '"../types"' has no exported member 'ReprintJob'.
context/SalesContext.tsx(1098,42): error TS2551: Property 'addSalesOrder' does not exist on type 'SalesState'. Did you mean 'salesOrders'?
context/SalesContext.tsx(1112,42): error TS2339: Property 'updateSalesOrder' does not exist on type 'SalesState'.
context/SalesContext.tsx(1120,42): error TS2339: Property 'deleteSalesOrder' does not exist on type 'SalesState'.
hooks/useDocumentPreview.ts(69,32): error TS2345: Argument of type 'FunctionComponentElement<DocProps>' is not assignable to parameter of type 'ReactElement<DocumentProps, string | JSXElementConstructor<any>>'.
  Types of property 'props' are incompatible.
    Type 'DocProps' has no properties in common with type 'DocumentProps'.
services/api.ts(5,3): error TS2305: Module '"../types.ts"' has no exported member 'Item'.
services/api.ts(5,9): error TS2305: Module '"../types.ts"' has no exported member 'Warehouse'.
services/api.ts(5,20): error TS2305: Module '"../types.ts"' has no exported member 'Purchase'.
services/api.ts(5,30): error TS2305: Module '"../types.ts"' has no exported member 'Sale'.
services/api.ts(5,36): error TS2305: Module '"../types.ts"' has no exported member 'Quotation'.
services/api.ts(5,47): error TS2305: Module '"../types.ts"' has no exported member 'JobOrder'.
services/api.ts(6,3): error TS2305: Module '"../types.ts"' has no exported member 'CustomerPayment'.
services/api.ts(6,20): error TS2305: Module '"../types.ts"' has no exported member 'ProductionBatch'.
services/api.ts(6,37): error TS2305: Module '"../types.ts"' has no exported member 'WorkOrder'.
services/api.ts(6,48): error TS2305: Module '"../types.ts"' has no exported member 'WorkCenter'.
services/api.ts(7,3): error TS2305: Module '"../types.ts"' has no exported member 'ProductionResource'.
services/api.ts(7,23): error TS2305: Module '"../types.ts"' has no exported member 'Account'.
services/api.ts(7,32): error TS2305: Module '"../types.ts"' has no exported member 'LedgerEntry'.
services/api.ts(8,3): error TS2305: Module '"../types.ts"' has no exported member 'Invoice'.
services/api.ts(8,12): error TS2305: Module '"../types.ts"' has no exported member 'RecurringInvoice'.
services/api.ts(8,30): error TS2305: Module '"../types.ts"' has no exported member 'Expense'.
services/api.ts(8,39): error TS2305: Module '"../types.ts"' has no exported member 'Income'.
services/api.ts(8,47): error TS2305: Module '"../types.ts"' has no exported member 'ScheduledPayment'.
services/api.ts(9,3): error TS2305: Module '"../types.ts"' has no exported member 'WalletTransaction'.
services/api.ts(9,22): error TS2305: Module '"../types.ts"' has no exported member 'DeliveryNote'.
services/api.ts(9,36): error TS2305: Module '"../types.ts"' has no exported member 'Budget'.
services/api.ts(9,44): error TS2305: Module '"../types.ts"' has no exported member 'Transfer'.
services/api.ts(9,54): error TS2305: Module '"../types.ts"' has no exported member 'Employee'.
services/api.ts(9,64): error TS2305: Module '"../types.ts"' has no exported member 'PayrollRun'.
services/api.ts(10,3): error TS2305: Module '"../types.ts"' has no exported member 'Payslip'.
services/api.ts(10,12): error TS2305: Module '"../types.ts"' has no exported member 'ResourceAllocation'.
services/api.ts(10,32): error TS2305: Module '"../types.ts"' has no exported member 'GoodsReceipt'.
services/api.ts(10,46): error TS2305: Module '"../types.ts"' has no exported member 'User'.
services/api.ts(11,3): error TS2305: Module '"../types.ts"' has no exported member 'SMSCampaign'.
services/api.ts(11,16): error TS2305: Module '"../types.ts"' has no exported member 'Subscriber'.
services/api.ts(11,28): error TS2305: Module '"../types.ts"' has no exported member 'SMSTemplate'.
services/api.ts(11,41): error TS2305: Module '"../types.ts"' has no exported member 'Cheque'.
services/api.ts(11,49): error TS2305: Module '"../types.ts"' has no exported member 'Shipment'.
services/api.ts(11,59): error TS2305: Module '"../types.ts"' has no exported member 'SubcontractOrder'.
services/api.ts(12,3): error TS2305: Module '"../types.ts"' has no exported member 'MaintenanceLog'.
services/api.ts(12,19): error TS2305: Module '"../types.ts"' has no exported member 'UserRole'.
services/api.ts(13,3): error TS2305: Module '"../types.ts"' has no exported member 'ExamPaper'.
services/api.ts(13,14): error TS2305: Module '"../types.ts"' has no exported member 'ExamPrintingBatch'.
services/api.ts(13,33): error TS2305: Module '"../types.ts"' has no exported member 'School'.
services/api.ts(13,41): error TS2305: Module '"../types.ts"' has no exported member 'ExamJob'.
services/api.ts(13,50): error TS2305: Module '"../types.ts"' has no exported member 'Customer'.
services/api.ts(13,60): error TS2305: Module '"../types.ts"' has no exported member 'Supplier'.
services/api.ts(13,70): error TS2305: Module '"../types.ts"' has no exported member 'SupplierPayment'.
services/api.ts(13,87): error TS2305: Module '"../types.ts"' has no exported member 'SalesReturn'.
services/api.ts(14,3): error TS2305: Module '"../types.ts"' has no exported member 'ExaminationJob'.
services/api.ts(14,19): error TS2305: Module '"../types.ts"' has no exported member 'ExaminationJobSubject'.
services/api.ts(14,42): error TS2305: Module '"../types.ts"' has no exported member 'ExaminationInvoiceGroup'.
services/api.ts(14,67): error TS2305: Module '"../types.ts"' has no exported member 'ExaminationRecurringProfile'.
services/api.ts(183,5): error TS2322: Type 'AxiosRequestHeaders | {}' is not assignable to type 'AxiosRequestHeaders'.
  Type '{}' is not assignable to type 'AxiosRequestHeaders'.
    Type '{}' is missing the following properties from type 'AxiosHeaders': set, get, has, delete, and 24 more.
services/api.ts(196,5): error TS2322: Type 'AxiosRequestHeaders | {}' is not assignable to type 'AxiosRequestHeaders'.
  Type '{}' is not assignable to type 'AxiosRequestHeaders'.
    Type '{}' is missing the following properties from type 'AxiosHeaders': set, get, has, delete, and 24 more.
services/api.ts(208,5): error TS2322: Type 'AxiosRequestHeaders | {}' is not assignable to type 'AxiosRequestHeaders'.
  Type '{}' is not assignable to type 'AxiosRequestHeaders'.
    Type '{}' is missing the following properties from type 'AxiosHeaders': set, get, has, delete, and 24 more.
services/api.ts(637,46): error TS2339: Property 'items' does not exist on type 'unknown'.
services/api.ts(637,68): error TS2339: Property 'items' does not exist on type 'unknown'.
services/api.ts(638,62): error TS2339: Property 'items' does not exist on type 'unknown'.
services/api.ts(749,51): error TS2698: Spread types may only be created from object types.
services/api.ts(756,51): error TS2698: Spread types may only be created from object types.
services/api.ts(768,51): error TS2698: Spread types may only be created from object types.
services/api.ts(775,51): error TS2698: Spread types may only be created from object types.
services/api.ts(782,55): error TS2304: Cannot find name 'Order'.
services/api.ts(783,62): error TS2304: Cannot find name 'Order'.
services/api.ts(784,26): error TS2304: Cannot find name 'Order'.
services/api.ts(784,36): error TS2554: Expected 2 arguments, but got 1.
services/api.ts(788,52): error TS2304: Cannot find name 'OrderPayment'.
services/api.ts(788,69): error TS2554: Expected 2 arguments, but got 1.
services/api.ts(792,50): error TS2304: Cannot find name 'Order'.
services/api.ts(792,70): error TS2554: Expected 2 arguments, but got 1.
services/api.ts(796,55): error TS2554: Expected 2 arguments, but got 1.
services/api.ts(1402,50): error TS2304: Cannot find name 'BillOfMaterial'.
services/api.ts(1403,20): error TS2304: Cannot find name 'BillOfMaterial'.
services/api.ts(1728,55): error TS2304: Cannot find name 'BOMTemplate'.
services/api.ts(1729,25): error TS2304: Cannot find name 'BOMTemplate'.
services/api.ts(1741,63): error TS2304: Cannot find name 'MarketAdjustment'.
services/api.ts(1742,33): error TS2304: Cannot find name 'MarketAdjustment'.
services/bomService.ts(1,10): error TS2305: Module '"../types"' has no exported member 'BillOfMaterial'.
services/bomService.ts(1,26): error TS2305: Module '"../types"' has no exported member 'BOMTemplate'.
services/consistencyService.ts(1,41): error TS2307: Cannot find module '../contracts/RenderModel.js' or its corresponding type declarations.
services/consistencyService.ts(2,53): error TS2307: Cannot find module '../contracts/ConsistencyLock.js' or its corresponding type declarations.
services/customerNotificationService.ts(4,25): error TS2305: Module '"../types"' has no exported member 'Customer'.
services/db.ts(3,5): error TS2305: Module '"../types"' has no exported member 'Item'.
services/db.ts(3,11): error TS2305: Module '"../types"' has no exported member 'Warehouse'.
services/db.ts(3,22): error TS2305: Module '"../types"' has no exported member 'Purchase'.
services/db.ts(3,32): error TS2305: Module '"../types"' has no exported member 'Sale'.
services/db.ts(3,38): error TS2305: Module '"../types"' has no exported member 'Quotation'.
services/db.ts(3,49): error TS2305: Module '"../types"' has no exported member 'JobOrder'.
services/db.ts(3,59): error TS2305: Module '"../types"' has no exported member 'CustomerPayment'.
services/db.ts(3,76): error TS2305: Module '"../types"' has no exported member 'BillOfMaterial'.
services/db.ts(3,92): error TS2305: Module '"../types"' has no exported member 'ProductionBatch'.
services/db.ts(3,109): error TS2305: Module '"../types"' has no exported member 'WorkOrder'.
services/db.ts(3,120): error TS2305: Module '"../types"' has no exported member 'WorkCenter'.
services/db.ts(3,132): error TS2305: Module '"../types"' has no exported member 'ProductionResource'.
services/db.ts(3,152): error TS2305: Module '"../types"' has no exported member 'Account'.
services/db.ts(3,161): error TS2305: Module '"../types"' has no exported member 'LedgerEntry'.
services/db.ts(3,174): error TS2305: Module '"../types"' has no exported member 'Invoice'.
services/db.ts(3,183): error TS2305: Module '"../types"' has no exported member 'RecurringInvoice'.
services/db.ts(3,201): error TS2305: Module '"../types"' has no exported member 'Expense'.
services/db.ts(3,210): error TS2305: Module '"../types"' has no exported member 'Income'.
services/db.ts(3,218): error TS2305: Module '"../types"' has no exported member 'ScheduledPayment'.
services/db.ts(3,236): error TS2305: Module '"../types"' has no exported member 'WalletTransaction'.
services/db.ts(3,255): error TS2305: Module '"../types"' has no exported member 'DeliveryNote'.
services/db.ts(3,269): error TS2305: Module '"../types"' has no exported member 'Budget'.
services/db.ts(3,277): error TS2305: Module '"../types"' has no exported member 'Transfer'.
services/db.ts(3,287): error TS2305: Module '"../types"' has no exported member 'Employee'.
services/db.ts(3,297): error TS2305: Module '"../types"' has no exported member 'PayrollRun'.
services/db.ts(3,309): error TS2305: Module '"../types"' has no exported member 'Payslip'.
services/db.ts(3,318): error TS2305: Module '"../types"' has no exported member 'User'.
services/db.ts(3,324): error TS2305: Module '"../types"' has no exported member 'ResourceAllocation'.
services/db.ts(3,344): error TS2305: Module '"../types"' has no exported member 'GoodsReceipt'.
services/db.ts(3,358): error TS2305: Module '"../types"' has no exported member 'UserRole'.
services/db.ts(3,368): error TS2305: Module '"../types"' has no exported member 'SMSCampaign'.
services/db.ts(3,381): error TS2305: Module '"../types"' has no exported member 'Subscriber'.
services/db.ts(3,393): error TS2305: Module '"../types"' has no exported member 'SMSTemplate'.
services/db.ts(3,406): error TS2305: Module '"../types"' has no exported member 'Cheque'.
services/db.ts(3,414): error TS2305: Module '"../types"' has no exported member 'Shipment'.
services/db.ts(3,424): error TS2305: Module '"../types"' has no exported member 'SubcontractOrder'.
services/db.ts(3,442): error TS2305: Module '"../types"' has no exported member 'MaintenanceLog'.
services/db.ts(3,458): error TS2305: Module '"../types"' has no exported member 'AuditLogEntry'.
services/db.ts(3,473): error TS2305: Module '"../types"' has no exported member 'SystemAlert'.
services/db.ts(3,486): error TS2305: Module '"../types"' has no exported member 'Reminder'.
services/db.ts(3,496): error TS2305: Module '"../types"' has no exported member 'ExamJob'.
services/db.ts(3,505): error TS2305: Module '"../types"' has no exported member 'ExamPaper'.
services/db.ts(3,516): error TS2305: Module '"../types"' has no exported member 'ExamPrintingBatch'.
services/db.ts(3,535): error TS2305: Module '"../types"' has no exported member 'School'.
services/db.ts(3,543): error TS2305: Module '"../types"' has no exported member 'Customer'.
services/db.ts(3,553): error TS2305: Module '"../types"' has no exported member 'Supplier'.
services/db.ts(3,563): error TS2305: Module '"../types"' has no exported member 'SupplierPayment'.
services/db.ts(3,580): error TS2305: Module '"../types"' has no exported member 'Order'.
services/db.ts(3,587): error TS2305: Module '"../types"' has no exported member 'PurchaseAllocation'.
services/db.ts(3,607): error TS2305: Module '"../types"' has no exported member 'VatTransaction'.
services/db.ts(3,623): error TS2305: Module '"../types"' has no exported member 'VatReturn'.
services/db.ts(3,634): error TS2305: Module '"../types"' has no exported member 'BOMTemplate'.
services/db.ts(3,647): error TS2305: Module '"../types"' has no exported member 'MarketAdjustment'.
services/db.ts(3,665): error TS2305: Module '"../types"' has no exported member 'MarketAdjustmentTransaction'.
services/db.ts(3,694): error TS2305: Module '"../types"' has no exported member 'UserGroup'.
services/db.ts(3,705): error TS2305: Module '"../types"' has no exported member 'MaterialCategory'.
services/db.ts(3,723): error TS2305: Module '"../types"' has no exported member 'WarehouseInventory'.
services/db.ts(3,743): error TS2305: Module '"../types"' has no exported member 'MaterialBatch'.
services/db.ts(3,758): error TS2305: Module '"../types"' has no exported member 'InventoryTransaction'.
services/db.ts(3,780): error TS2305: Module '"../types"' has no exported member 'MaterialReservation'.
services/db.ts(3,801): error TS2305: Module '"../types"' has no exported member 'RoundingLog'.
services/db.ts(3,814): error TS2305: Module '"../types"' has no exported member 'ExaminationJob'.
services/db.ts(3,830): error TS2305: Module '"../types"' has no exported member 'ExaminationJobSubject'.
services/db.ts(3,853): error TS2305: Module '"../types"' has no exported member 'ExaminationInvoiceGroup'.
services/db.ts(3,878): error TS2305: Module '"../types"' has no exported member 'ExaminationRecurringProfile'.
services/db.ts(3,907): error TS2305: Module '"../types"' has no exported member 'ExaminationInventoryDeduction'.
services/db.ts(3,938): error TS2305: Module '"../types"' has no exported member 'CustomerReceiptSnapshot'.
services/examHiddenBomService.ts(1,10): error TS2305: Module '"../types"' has no exported member 'BOMTemplate'.
services/examHiddenBomService.ts(1,23): error TS2305: Module '"../types"' has no exported member 'Item'.
services/examinationAnalyticsService.ts(12,10): error TS2305: Module '"../types"' has no exported member 'ProductionCostSnapshot'.
services/examinationBatchService.ts(1,10): error TS2305: Module '"../types"' has no exported member 'ExaminationBatch'.
services/examinationBatchService.ts(1,28): error TS2305: Module '"../types"' has no exported member 'ExaminationClass'.
services/examinationBatchService.ts(1,46): error TS2305: Module '"../types"' has no exported member 'ExaminationPricingSettings'.
services/examinationBatchService.ts(1,74): error TS2305: Module '"../types"' has no exported member 'ExaminationSubject'.
services/examinationBatchService.ts(1,94): error TS2305: Module '"../types"' has no exported member 'Item'.
services/examinationBatchService.ts(1,100): error TS2305: Module '"../types"' has no exported member 'MarketAdjustment'.
services/examinationInvoiceSyncService.ts(1,10): error TS2305: Module '"../types"' has no exported member 'Invoice'.
services/examinationJobService.ts(2,3): error TS2305: Module '"../types"' has no exported member 'AdjustmentSnapshot'.
services/examinationJobService.ts(3,3): error TS2305: Module '"../types"' has no exported member 'BillOfMaterial'.
services/examinationJobService.ts(4,3): error TS2305: Module '"../types"' has no exported member 'BOMTemplate'.
services/examinationJobService.ts(5,3): error TS2305: Module '"../types"' has no exported member 'ExaminationAdjustmentType'.
services/examinationJobService.ts(6,3): error TS2305: Module '"../types"' has no exported member 'ExaminationGroupPayload'.
services/examinationJobService.ts(7,3): error TS2305: Module '"../types"' has no exported member 'ExaminationInvoiceGroup'.
services/examinationJobService.ts(8,3): error TS2305: Module '"../types"' has no exported member 'ExaminationInvoiceGroupJobLine'.
services/examinationJobService.ts(9,3): error TS2305: Module '"../types"' has no exported member 'ExaminationJob'.
services/examinationJobService.ts(10,3): error TS2305: Module '"../types"' has no exported member 'ExaminationJobPayload'.
services/examinationJobService.ts(11,3): error TS2305: Module '"../types"' has no exported member 'ExaminationJobSubject'.
services/examinationJobService.ts(12,3): error TS2305: Module '"../types"' has no exported member 'ExaminationRecurringPayload'.
services/examinationJobService.ts(13,3): error TS2305: Module '"../types"' has no exported member 'ExaminationRecurringFrequency'.
services/examinationJobService.ts(14,3): error TS2305: Module '"../types"' has no exported member 'ExaminationRecurringProfile'.
services/examinationJobService.ts(15,3): error TS2305: Module '"../types"' has no exported member 'ExaminationRoundingRuleType'.
services/examinationJobService.ts(16,3): error TS2305: Module '"../types"' has no exported member 'Invoice'.
services/examinationJobService.ts(17,3): error TS2305: Module '"../types"' has no exported member 'Item'.
services/examinationJobService.ts(18,3): error TS2305: Module '"../types"' has no exported member 'MarketAdjustment'.
services/examinationJobService.ts(19,3): error TS2305: Module '"../types"' has no exported member 'MarketAdjustmentTransaction'.
services/examinationJobService.ts(20,3): error TS2305: Module '"../types"' has no exported member 'PricingRoundingMethod'.
services/examinationPricingSyncService.ts(2,3): error TS2305: Module '"../types"' has no exported member 'ExaminationBatch'.
services/examinationPricingSyncService.ts(3,3): error TS2305: Module '"../types"' has no exported member 'ExaminationClass'.
services/examinationPricingSyncService.ts(4,3): error TS2305: Module '"../types"' has no exported member 'ExaminationPricingSettings'.
services/examinationPricingSyncService.ts(5,3): error TS2305: Module '"../types"' has no exported member 'MarketAdjustment'.
services/examinationPricingSyncService.ts(6,3): error TS2305: Module '"../types"' has no exported member 'PricingSyncPayload'.
services/examinationPricingSyncService.ts(7,3): error TS2305: Module '"../types"' has no exported member 'PricingSyncResult'.
services/examinationPricingSyncService.ts(8,3): error TS2305: Module '"../types"' has no exported member 'OverrideCascadeResult'.
services/examinationSyncService.ts(3,10): error TS2305: Module '"../types"' has no exported member 'Item'.
services/examinationSyncService.ts(3,16): error TS2305: Module '"../types"' has no exported member 'MarketAdjustment'.
services/examMaterialMatcher.ts(18,10): error TS2305: Module '"../types"' has no exported member 'Item'.
services/examPricingService.test.ts(7,10): error TS2305: Module '"../types"' has no exported member 'ExamClass'.
services/examPricingService.test.ts(7,21): error TS2305: Module '"../types"' has no exported member 'ExamBOMConfig'.
services/examPricingService.test.ts(7,36): error TS2305: Module '"../types"' has no exported member 'Item'.
services/examPricingService.test.ts(7,42): error TS2305: Module '"../types"' has no exported member 'MarketAdjustment'.
services/examPricingService.ts(20,5): error TS2305: Module '"../types"' has no exported member 'ExamBOMConfig'.
services/examPricingService.ts(21,5): error TS2305: Module '"../types"' has no exported member 'ExamClass'.
services/examPricingService.ts(22,5): error TS2305: Module '"../types"' has no exported member 'ExamSubject'.
services/examPricingService.ts(23,5): error TS2305: Module '"../types"' has no exported member 'ExaminationBatch'.
services/examPricingService.ts(24,5): error TS2305: Module '"../types"' has no exported member 'ExaminationClass'.
services/examPricingService.ts(25,5): error TS2305: Module '"../types"' has no exported member 'ExamInvoiceClassSummary'.
services/examPricingService.ts(26,5): error TS2305: Module '"../types"' has no exported member 'ExamMaterialDeduction'.
services/examPricingService.ts(27,5): error TS2305: Module '"../types"' has no exported member 'Item'.
services/examPricingService.ts(28,5): error TS2305: Module '"../types"' has no exported member 'MarketAdjustment'.
services/examPricingService.ts(29,5): error TS2305: Module '"../types"' has no exported member 'AdjustmentSnapshot'.
services/examPricingService.ts(30,5): error TS2305: Module '"../types"' has no exported member 'BOMTemplate'.
services/financialReportingService.ts(14,10): error TS2305: Module '"../types"' has no exported member 'Account'.
services/financialReportingService.ts(14,19): error TS2305: Module '"../types"' has no exported member 'LedgerEntry'.
services/hardwareService.ts(2,10): error TS2305: Module '"../types"' has no exported member 'Sale'.
services/hardwareService.ts(232,14): error TS2339: Property 'footer' does not exist on type 'CompanyConfig'.
services/hardwareService.ts(251,79): error TS2339: Property 'footer' does not exist on type 'CompanyConfig'.
services/inventoryAlertService.ts(11,10): error TS2305: Module '"../types"' has no exported member 'Item'.
services/inventoryAlertService.ts(11,16): error TS2305: Module '"../types"' has no exported member 'WarehouseInventory'.
services/inventoryTransactionService.ts(11,10): error TS2305: Module '"../types"' has no exported member 'InventoryTransaction'.
services/inventoryTransactionService.ts(11,32): error TS2305: Module '"../types"' has no exported member 'MaterialBatch'.
services/inventoryTransactionService.ts(11,47): error TS2305: Module '"../types"' has no exported member 'WarehouseInventory'.
services/invoiceDataGovernanceService.ts(1,10): error TS2305: Module '"../types"' has no exported member 'ExaminationBatch'.
services/invoiceDataGovernanceService.ts(1,28): error TS2305: Module '"../types"' has no exported member 'ExaminationClass'.
services/invoiceDataGovernanceService.ts(1,46): error TS2305: Module '"../types"' has no exported member 'InvoiceGenerationClassLine'.
services/layoutEngine.ts(11,8): error TS2307: Cannot find module '../contracts/LayoutBlueprint.js' or its corresponding type declarations.
services/layoutEngine.ts(20,8): error TS2307: Cannot find module '../contracts/RenderModel.js' or its corresponding type declarations.
services/masterInventoryPricingService.ts(1,10): error TS2305: Module '"../types"' has no exported member 'AdjustmentSnapshot'.
services/masterInventoryPricingService.ts(1,30): error TS2305: Module '"../types"' has no exported member 'BOMTemplate'.
services/masterInventoryPricingService.ts(1,58): error TS2305: Module '"../types"' has no exported member 'Item'.
services/masterInventoryPricingService.ts(1,64): error TS2305: Module '"../types"' has no exported member 'MarketAdjustment'.
services/masterInventoryPricingService.ts(1,82): error TS2305: Module '"../types"' has no exported member 'PricingRoundingMethod'.
services/masterInventoryPricingService.ts(1,105): error TS2305: Module '"../types"' has no exported member 'ProductVariant'.
services/paymentService.ts(2,10): error TS2305: Module '"../types"' has no exported member 'Invoice'.
services/paymentService.ts(2,19): error TS2305: Module '"../types"' has no exported member 'Customer'.
services/paymentService.ts(2,29): error TS2305: Module '"../types"' has no exported member 'CustomerPayment'.
services/pricingRoundingService.ts(3,3): error TS2305: Module '"../types"' has no exported member 'PricingRoundingMethod'.
services/pricingRoundingService.ts(4,3): error TS2305: Module '"../types"' has no exported member 'PricingSettings'.
services/pricingRoundingService.ts(5,3): error TS2305: Module '"../types"' has no exported member 'PricingThresholdRule'.
services/pricingRoundingService.ts(6,3): error TS2305: Module '"../types"' has no exported member 'RoundingAnalytics'.
services/pricingRoundingService.ts(205,39): error TS2339: Property 'customStep' does not exist on type '{}'.
services/pricingRoundingService.ts(206,31): error TS2339: Property 'thresholdRules' does not exist on type '{}'.
services/pricingRoundingService.ts(206,58): error TS2339: Property 'thresholdRules' does not exist on type '{}'.
services/pricingRoundingService.ts(207,18): error TS2339: Property 'thresholdRules' does not exist on type '{}'.
services/pricingRoundingService.ts(216,20): error TS2339: Property 'analytics' does not exist on type '{}'.
services/pricingService.ts(1,10): error TS2305: Module '"../types"' has no exported member 'Item'.
services/pricingService.ts(1,16): error TS2305: Module '"../types"' has no exported member 'BOMTemplate'.
services/pricingService.ts(1,29): error TS2305: Module '"../types"' has no exported member 'ConsumptionSnapshot'.
services/pricingService.ts(1,50): error TS2305: Module '"../types"' has no exported member 'MarketAdjustment'.
services/pricingService.ts(1,68): error TS2305: Module '"../types"' has no exported member 'ProductVariant'.
services/pricingService.ts(1,84): error TS2305: Module '"../types"' has no exported member 'TransactionAdjustmentSnapshot'.
services/pricingService.ts(1,115): error TS2305: Module '"../types"' has no exported member 'MarketAdjustmentTransaction'.
services/pricingService.ts(1,144): error TS2305: Module '"../types"' has no exported member 'DynamicServiceDetails'.
services/pricingSettingsValidation.ts(90,25): error TS2339: Property 'errors' does not exist on type 'ZodError<unknown>'.
services/productionCostService.ts(8,10): error TS2305: Module '"../types"' has no exported member 'BillOfMaterial'.
services/productionCostService.ts(8,26): error TS2305: Module '"../types"' has no exported member 'BOMTemplate'.
services/productionCostService.ts(8,39): error TS2305: Module '"../types"' has no exported member 'Item'.
services/productionCostService.ts(8,45): error TS2305: Module '"../types"' has no exported member 'MarketAdjustment'.
services/productionCostSnapshotService.ts(8,10): error TS2305: Module '"../types"' has no exported member 'ProductionCostSnapshot'.
services/productionReportService.ts(8,10): error TS2305: Module '"../types"' has no exported member 'WorkOrder'.
services/productionReportService.ts(8,21): error TS2305: Module '"../types"' has no exported member 'ConsumptionSnapshot'.
services/productionReportService.ts(8,42): error TS2305: Module '"../types"' has no exported member 'QACheck'.
services/receiptCalculationService.ts(2,3): error TS2305: Module '"../types"' has no exported member 'CustomerPayment'.
services/receiptCalculationService.ts(3,3): error TS2305: Module '"../types"' has no exported member 'CustomerReceiptSnapshot'.
services/receiptCalculationService.ts(4,3): error TS2305: Module '"../types"' has no exported member 'ReceiptPaymentStatus'.
services/receiptCalculationService.ts(5,3): error TS2305: Module '"../types"' has no exported member 'Sale'.
services/receiptCalculationService.ts(6,3): error TS2305: Module '"../types"' has no exported member 'SupplierPayment'.
services/reconciliationService.ts(51,24): error TS2345: Argument of type '{ type: string; entityId: string; entityName: string; expectedValue: number; actualValue: number; difference: number; suggestedAction: string; severity: Severity; }' is not assignable to parameter of type 'Discrepancy'.
  Types of property 'type' are incompatible.
    Type 'string' is not assignable to type '"customer_balance" | "supplier_balance" | "orphaned_entry" | "invoice_payment" | "bank_mirror" | "ledger_gap" | "examination_link"'.
services/reportExportService.ts(70,14): error TS2678: Type '"print"' is not comparable to type 'ExportFormat'.
services/reportExportService.ts(459,41): error TS2339: Property 'decimals' does not exist on type 'ReportColumn'.
services/reportExportService.ts(460,41): error TS2339: Property 'decimals' does not exist on type 'ReportColumn'.
services/reportExportService.ts(527,9): error TS2322: Type '"print"' is not assignable to type 'ExportFormat'.
services/reportExportService.ts(541,74): error TS2322: Type '"print"' is not assignable to type 'ExportFormat'.
services/roundingAnalyticsService.ts(2,3): error TS2305: Module '"../types"' has no exported member 'Invoice'.
services/roundingAnalyticsService.ts(3,3): error TS2305: Module '"../types"' has no exported member 'PricingRoundingMethod'.
services/roundingAnalyticsService.ts(4,3): error TS2305: Module '"../types"' has no exported member 'RoundingDashboardData'.
services/roundingAnalyticsService.ts(5,3): error TS2305: Module '"../types"' has no exported member 'RoundingInsight'.
services/roundingAnalyticsService.ts(6,3): error TS2305: Module '"../types"' has no exported member 'RoundingLog'.
services/roundingAnalyticsService.ts(7,3): error TS2305: Module '"../types"' has no exported member 'RoundingMethodPerformanceRow'.
services/roundingAnalyticsService.ts(8,3): error TS2305: Module '"../types"' has no exported member 'RoundingPeriodReportRow'.
services/roundingAnalyticsService.ts(9,3): error TS2305: Module '"../types"' has no exported member 'RoundingPriceHistoryEntry'.
services/roundingAnalyticsService.ts(10,3): error TS2305: Module '"../types"' has no exported member 'RoundingProductPerformanceRow'.
services/roundingAnalyticsService.ts(11,3): error TS2305: Module '"../types"' has no exported member 'RoundingProfitProjection'.
services/roundingAnalyticsService.ts(12,3): error TS2305: Module '"../types"' has no exported member 'RoundingProfitSummary'.
services/roundingAnalyticsService.ts(13,3): error TS2305: Module '"../types"' has no exported member 'RoundingRealizedProfitResult'.
services/roundingAnalyticsService.ts(14,3): error TS2305: Module '"../types"' has no exported member 'RoundingRealizedProfitRow'.
services/roundingAnalyticsService.ts(15,3): error TS2305: Module '"../types"' has no exported member 'RoundingTopProductRow'.
services/roundingAnalyticsService.ts(16,3): error TS2305: Module '"../types"' has no exported member 'Sale'.
services/salesOrderService.ts(13,23): error TS2698: Spread types may only be created from object types.
services/transactionService.ts(6,5): error TS2305: Module '"../types"' has no exported member 'Sale'.
services/transactionService.ts(6,11): error TS2305: Module '"../types"' has no exported member 'CartItem'.
services/transactionService.ts(6,21): error TS2305: Module '"../types"' has no exported member 'LedgerEntry'.
services/transactionService.ts(6,34): error TS2305: Module '"../types"' has no exported member 'WalletTransaction'.
services/transactionService.ts(6,53): error TS2305: Module '"../types"' has no exported member 'Customer'.
services/transactionService.ts(6,63): error TS2305: Module '"../types"' has no exported member 'SalesExchange'.
services/transactionService.ts(7,5): error TS2305: Module '"../types"' has no exported member 'ReprintJob'.
services/transactionService.ts(7,17): error TS2305: Module '"../types"' has no exported member 'SalesExchangeItem'.
services/transactionService.ts(7,36): error TS2305: Module '"../types"' has no exported member 'SalesExchangeApproval'.
services/transactionService.ts(7,59): error TS2305: Module '"../types"' has no exported member 'Invoice'.
services/transactionService.ts(7,68): error TS2305: Module '"../types"' has no exported member 'Expense'.
services/transactionService.ts(8,5): error TS2305: Module '"../types"' has no exported member 'Income'.
services/transactionService.ts(8,13): error TS2305: Module '"../types"' has no exported member 'Transfer'.
services/transactionService.ts(8,23): error TS2305: Module '"../types"' has no exported member 'Item'.
services/transactionService.ts(8,29): error TS2305: Module '"../types"' has no exported member 'Purchase'.
services/transactionService.ts(8,39): error TS2305: Module '"../types"' has no exported member 'GoodsReceipt'.
services/transactionService.ts(8,53): error TS2305: Module '"../types"' has no exported member 'ProductionBatch'.
services/transactionService.ts(8,70): error TS2305: Module '"../types"' has no exported member 'WorkOrder'.
services/transactionService.ts(9,5): error TS2305: Module '"../types"' has no exported member 'Order'.
services/transactionService.ts(9,12): error TS2305: Module '"../types"' has no exported member 'OrderPayment'.
services/transactionService.ts(9,26): error TS2305: Module '"../types"' has no exported member 'CustomerPayment'.
services/transactionService.ts(9,43): error TS2305: Module '"../types"' has no exported member 'SupplierPayment'.
services/transactionService.ts(9,60): error TS2305: Module '"../types"' has no exported member 'PurchaseAllocation'.
services/transactionService.ts(9,80): error TS2305: Module '"../types"' has no exported member 'Supplier'.
services/transactionService.ts(9,90): error TS2305: Module '"../types"' has no exported member 'VatTransaction'.
services/transactionService.ts(9,106): error TS2724: '"../types"' has no exported member named 'VatConfig'. Did you mean 'VATConfig'?
services/transactionService.ts(10,5): error TS2305: Module '"../types"' has no exported member 'ConsumptionSnapshot'.
services/transactionService.ts(10,26): error TS2305: Module '"../types"' has no exported member 'BOMTemplate'.
services/transactionService.ts(10,39): error TS2305: Module '"../types"' has no exported member 'MarketAdjustment'.
services/transactionService.ts(10,57): error TS2305: Module '"../types"' has no exported member 'MarketAdjustmentTransaction'.
services/transactionService.ts(10,86): error TS2305: Module '"../types"' has no exported member 'TransactionAdjustmentSnapshot'.
services/transactionService.ts(11,5): error TS2305: Module '"../types"' has no exported member 'Shipment'.
services/transactionService.ts(11,15): error TS2305: Module '"../types"' has no exported member 'DeliveryNote'.
services/transactionService.ts(11,29): error TS2305: Module '"../types"' has no exported member 'ProofOfDeliveryRecord'.
services/transactionService.ts(317,71): error TS2339: Property 'type' does not exist on type 'MultiCurrencyTransactionLine'.
services/transactionService.ts(318,72): error TS2339: Property 'type' does not exist on type 'MultiCurrencyTransactionLine'.
services/transactionService.ts(330,35): error TS2339: Property 'description' does not exist on type '{ accountId: string; amount: number; currency: string; type: "debit" | "credit"; }'.
services/workflowService.ts(513,11): error TS2741: Property 'action' is missing in type '{ id: string; workflowInstanceId: string; stepId: string; stepName: string; approverId: string; approverRole: string; assignedAt: Date; createdAt: Date; }' but required in type 'WorkflowApproval'.
services/workflowService.ts(543,33): error TS2551: Property 'requestedByByName' does not exist on type 'WorkflowInstance'. Did you mean 'requestedByName'?
services/workflowService.ts(661,33): error TS2551: Property 'requestedByByName' does not exist on type 'WorkflowInstance'. Did you mean 'requestedByName'?
services/workflowService.ts(712,31): error TS2551: Property 'requestedByByName' does not exist on type 'WorkflowInstance'. Did you mean 'requestedByName'?
services/workflowService.ts(750,31): error TS2551: Property 'requestedByByName' does not exist on type 'WorkflowInstance'. Did you mean 'requestedByName'?
services/workflowService.ts(795,31): error TS2551: Property 'requestedByByName' does not exist on type 'WorkflowInstance'. Did you mean 'requestedByName'?
services/workflowService.ts(1030,7): error TS2345: Argument of type '{ name: string; description: string; id?: string; entityType: WorkflowEntityType; version: number; steps: WorkflowStep[]; initialStepId: string; finalStepId?: string; isActive: boolean; ... 7 more ...; tags?: string[]; }' is not assignable to parameter of type 'Omit<WorkflowDefinition, "version" | "id" | "createdAt" | "updatedAt">'.
  Property 'createdBy' is optional in type '{ name: string; description: string; id?: string; entityType: WorkflowEntityType; version: number; steps: WorkflowStep[]; initialStepId: string; finalStepId?: string; ... 8 more ...; tags?: string[]; }' but required in type 'Omit<WorkflowDefinition, "version" | "id" | "createdAt" | "updatedAt">'.
stores/financeStore.ts(3,10): error TS2305: Module '"../types"' has no exported member 'Account'.
stores/financeStore.ts(3,19): error TS2305: Module '"../types"' has no exported member 'LedgerEntry'.
stores/financeStore.ts(3,32): error TS2305: Module '"../types"' has no exported member 'Invoice'.
stores/financeStore.ts(3,41): error TS2305: Module '"../types"' has no exported member 'Expense'.
stores/financeStore.ts(3,50): error TS2305: Module '"../types"' has no exported member 'RecurringInvoice'.
stores/financeStore.ts(3,68): error TS2305: Module '"../types"' has no exported member 'ScheduledPayment'.
stores/financeStore.ts(3,86): error TS2305: Module '"../types"' has no exported member 'WalletTransaction'.
stores/financeStore.ts(3,105): error TS2305: Module '"../types"' has no exported member 'DeliveryNote'.
stores/financeStore.ts(3,119): error TS2305: Module '"../types"' has no exported member 'Budget'.
stores/financeStore.ts(3,127): error TS2305: Module '"../types"' has no exported member 'Transfer'.
stores/financeStore.ts(3,137): error TS2305: Module '"../types"' has no exported member 'Employee'.
stores/financeStore.ts(3,147): error TS2305: Module '"../types"' has no exported member 'PayrollRun'.
stores/financeStore.ts(3,159): error TS2305: Module '"../types"' has no exported member 'Payslip'.
stores/financeStore.ts(3,168): error TS2305: Module '"../types"' has no exported member 'Income'.
stores/financeStore.ts(3,176): error TS2305: Module '"../types"' has no exported member 'Cheque'.
stores/financeStore.ts(3,184): error TS2305: Module '"../types"' has no exported member 'SupplierPayment'.
stores/inventoryStore.ts(3,10): error TS2305: Module '"../types"' has no exported member 'Item'.
stores/inventoryStore.ts(3,16): error TS2305: Module '"../types"' has no exported member 'Warehouse'.
stores/jobTicketStore.ts(76,21): error TS2339: Property 'set' does not exist on type '{ initDB: () => Promise<IDBPDatabase<NexusDB>>; setSyncListener(cb: (status: SyncStatus) => void): void; executeAtomicOperation<T>(stores: (keyof NexusDB)[], operation: (tx: any) => Promise<...>): Promise<...>; ... 15 more ...; performAutoBackup(): Promise<...>; }'.
stores/jobTicketStore.ts(84,21): error TS2339: Property 'set' does not exist on type '{ initDB: () => Promise<IDBPDatabase<NexusDB>>; setSyncListener(cb: (status: SyncStatus) => void): void; executeAtomicOperation<T>(stores: (keyof NexusDB)[], operation: (tx: any) => Promise<...>): Promise<...>; ... 15 more ...; performAutoBackup(): Promise<...>; }'.
stores/jobTicketStore.ts(111,21): error TS2339: Property 'set' does not exist on type '{ initDB: () => Promise<IDBPDatabase<NexusDB>>; setSyncListener(cb: (status: SyncStatus) => void): void; executeAtomicOperation<T>(stores: (keyof NexusDB)[], operation: (tx: any) => Promise<...>): Promise<...>; ... 15 more ...; performAutoBackup(): Promise<...>; }'.
stores/jobTicketStore.ts(127,21): error TS2339: Property 'set' does not exist on type '{ initDB: () => Promise<IDBPDatabase<NexusDB>>; setSyncListener(cb: (status: SyncStatus) => void): void; executeAtomicOperation<T>(stores: (keyof NexusDB)[], operation: (tx: any) => Promise<...>): Promise<...>; ... 15 more ...; performAutoBackup(): Promise<...>; }'.
stores/jobTicketStore.ts(133,21): error TS2339: Property 'set' does not exist on type '{ initDB: () => Promise<IDBPDatabase<NexusDB>>; setSyncListener(cb: (status: SyncStatus) => void): void; executeAtomicOperation<T>(stores: (keyof NexusDB)[], operation: (tx: any) => Promise<...>): Promise<...>; ... 15 more ...; performAutoBackup(): Promise<...>; }'.
stores/ordersStore.ts(2,10): error TS2305: Module '"../types"' has no exported member 'Order'.
stores/ordersStore.ts(2,17): error TS2305: Module '"../types"' has no exported member 'OrderPayment'.
stores/procurementStore.ts(2,10): error TS2305: Module '"../types"' has no exported member 'Purchase'.
stores/procurementStore.ts(2,20): error TS2305: Module '"../types"' has no exported member 'GoodsReceipt'.
stores/procurementStore.ts(2,34): error TS2305: Module '"../types"' has no exported member 'SubcontractOrder'.
stores/procurementStore.ts(2,52): error TS2305: Module '"../types"' has no exported member 'Supplier'.
stores/procurementStore.ts(136,25): error TS2339: Property 'delete' does not exist on type '{ getAll: () => Promise<Supplier[]>; save: (s: Supplier) => Promise<string>; deleteSupplier: (id: string) => Promise<void>; }'.
stores/productionStore.ts(3,10): error TS2305: Module '"../types"' has no exported member 'ProductionBatch'.
stores/productionStore.ts(3,27): error TS2305: Module '"../types"' has no exported member 'WorkOrder'.
stores/productionStore.ts(3,38): error TS2305: Module '"../types"' has no exported member 'WorkCenter'.
stores/productionStore.ts(3,50): error TS2305: Module '"../types"' has no exported member 'ProductionResource'.
stores/productionStore.ts(3,70): error TS2305: Module '"../types"' has no exported member 'ResourceAllocation'.
stores/productionStore.ts(3,90): error TS2305: Module '"../types"' has no exported member 'MaintenanceLog'.
stores/productionStore.ts(3,106): error TS2305: Module '"../types"' has no exported member 'BillOfMaterial'.
stores/salesStore.ts(2,10): error TS2305: Module '"../types"' has no exported member 'Sale'.
stores/salesStore.ts(2,16): error TS2305: Module '"../types"' has no exported member 'Quotation'.
stores/salesStore.ts(2,27): error TS2305: Module '"../types"' has no exported member 'JobOrder'.
stores/salesStore.ts(2,37): error TS2305: Module '"../types"' has no exported member 'HeldOrder'.
stores/salesStore.ts(2,48): error TS2305: Module '"../types"' has no exported member 'ZReport'.
stores/salesStore.ts(2,57): error TS2305: Module '"../types"' has no exported member 'CustomerPayment'.
stores/salesStore.ts(2,74): error TS2305: Module '"../types"' has no exported member 'Shipment'.
stores/salesStore.ts(2,84): error TS2305: Module '"../types"' has no exported member 'Customer'.
stores/salesStore.ts(2,94): error TS2305: Module '"../types"' has no exported member 'SalesExchange'.
stores/salesStore.ts(2,109): error TS2305: Module '"../types"' has no exported member 'ReprintJob'.
stores/salesStore.ts(2,121): error TS2305: Module '"../types"' has no exported member 'DeliveryNote'.
stores/vatStore.ts(2,10): error TS2724: '"../types"' has no exported member named 'VatConfig'. Did you mean 'VATConfig'?
stores/vatStore.ts(2,21): error TS2305: Module '"../types"' has no exported member 'VatTransaction'.
stores/vatStore.ts(2,37): error TS2305: Module '"../types"' has no exported member 'VatReturn'.
stores/vatStore.ts(93,17): error TS2554: Expected 2-3 arguments, but got 0.
types.ts(224,3): error TS2687: All declarations of 'discounts' must have identical modifiers.
types.ts(225,3): error TS2687: All declarations of 'tax' must have identical modifiers.
types.ts(290,3): error TS2717: Subsequent property declarations must have the same type.  Property 'status' must be of type '"Draft" | "Confirmed" | "Processing" | "Shipped" | "Completed" | "Cancelled"', but here has type '"Draft" | "Confirmed" | "Processing" | "Cancelled" | "Fulfilled"'.
types.ts(293,3): error TS2687: All declarations of 'discounts' must have identical modifiers.
types.ts(294,3): error TS2687: All declarations of 'tax' must have identical modifiers.
types/banking.ts(1,10): error TS2305: Module '"../types"' has no exported member 'AccountType'.
types/workflow.ts(426,7): error TS2353: Object literal may only specify known properties, and 'createdBy' does not exist in type 'Omit<WorkflowDefinition, "id" | "createdAt" | "updatedAt" | "createdBy">'.
types/workflow.ts(489,7): error TS2353: Object literal may only specify known properties, and 'createdBy' does not exist in type 'Omit<WorkflowDefinition, "id" | "createdAt" | "updatedAt" | "createdBy">'.
types/workflow.ts(523,7): error TS2353: Object literal may only specify known properties, and 'createdBy' does not exist in type 'Omit<WorkflowDefinition, "id" | "createdAt" | "updatedAt" | "createdBy">'.
utils/documentMapper.tsx(157,25): error TS2367: This comparison appears to be unintentional because the types '"Invoice" | "Quotation" | "Examination Invoice" | "Delivery Note" | "Statement" | "Receipt" | "Subscription Invoice" | "Work Order"' and '"Order"' have no overlap.
utils/documentMapper.tsx(418,9): error TS2367: This comparison appears to be unintentional because the types '"Invoice" | "Examination Invoice" | "Delivery Note" | "Statement" | "Receipt" | "Subscription Invoice" | "Work Order" | "Purchase Order"' and '"Order"' have no overlap.
utils/examinationPricingCalculator.ts(1,10): error TS2305: Module '"../types"' has no exported member 'ExaminationBatch'.
utils/examinationPricingCalculator.ts(1,28): error TS2305: Module '"../types"' has no exported member 'MarketAdjustment'.
utils/helpers.ts(2,10): error TS2305: Module '"../types"' has no exported member 'Item'.
utils/marketAdjustmentUtils.ts(1,10): error TS2305: Module '"../types"' has no exported member 'MarketAdjustment'.
utils/overrideCascadeEngine.ts(1,10): error TS2305: Module '"../types"' has no exported member 'ExaminationClass'.
utils/overrideCascadeEngine.ts(1,28): error TS2305: Module '"../types"' has no exported member 'OverrideCascadeResult'.
utils/pricing.ts(2,10): error TS2305: Module '"../types"' has no exported member 'Item'.
utils/pricing.ts(2,16): error TS2305: Module '"../types"' has no exported member 'PricingConfig'.
utils/pricing.ts(2,31): error TS2305: Module '"../types"' has no exported member 'AdjustmentSnapshot'.
utils/pricing.ts(2,51): error TS2305: Module '"../types"' has no exported member 'MarketAdjustment'.
utils/recurringConversion.ts(1,10): error TS2305: Module '"../types"' has no exported member 'ExaminationBatch'.
utils/recurringConversion.ts(1,28): error TS2305: Module '"../types"' has no exported member 'Invoice'.
utils/recurringConversion.ts(1,37): error TS2305: Module '"../types"' has no exported member 'RecurringInvoice'.
utils/securitySettings.ts(24,63): error TS2339: Property 'passwordProtectionEnabled' does not exist on type '{}'.
utils/securitySettings.ts(25,26): error TS2339: Property 'passwordProtectionEnabled' does not exist on type '{}'.
utils/securitySettings.ts(30,63): error TS2339: Property 'enforcePasswordComplexity' does not exist on type '{}'.
utils/securitySettings.ts(31,26): error TS2339: Property 'enforcePasswordComplexity' does not exist on type '{}'.
utils/signatureUtils.ts(1,15): error TS2305: Module '"../types"' has no exported member 'SignatureInputMode'.
utils/skuGenerator.ts(1,10): error TS2305: Module '"../types"' has no exported member 'Item'.
utils/skuGenerator.ts(1,16): error TS2305: Module '"../types"' has no exported member 'ProductVariant'.
views/accounts/Budgets.tsx(5,10): error TS2305: Module '"../../types"' has no exported member 'Budget'.
views/accounts/ChartOfAccounts.tsx(5,10): error TS2305: Module '"../../types"' has no exported member 'Account'.
views/accounts/ChartOfAccounts.tsx(5,19): error TS2305: Module '"../../types"' has no exported member 'AccountType'.
views/accounts/ChartOfAccounts.tsx(5,32): error TS2305: Module '"../../types"' has no exported member 'LedgerEntry'.
views/accounts/Expenses.tsx(13,10): error TS2305: Module '"../../types"' has no exported member 'Expense'.
views/accounts/Expenses.tsx(63,33): error TS2339: Property 'CASH_DRAWER' does not exist on type 'Account[]'.
views/accounts/Expenses.tsx(143,143): error TS2339: Property 'CASH_DRAWER' does not exist on type 'Account[]'.
views/accounts/Expenses.tsx(220,73): error TS2339: Property 'BANK' does not exist on type 'Account[]'.
views/accounts/Expenses.tsx(221,73): error TS2339: Property 'MOBILE_MONEY' does not exist on type 'Account[]'.
views/accounts/Expenses.tsx(277,54): error TS2339: Property 'CASH_DRAWER' does not exist on type 'Account[]'.
views/accounts/Expenses.tsx(278,54): error TS2339: Property 'BANK' does not exist on type 'Account[]'.
views/accounts/Expenses.tsx(279,54): error TS2339: Property 'MOBILE_MONEY' does not exist on type 'Account[]'.
views/accounts/FinancialReports.tsx(14,10): error TS2305: Module '"../../types"' has no exported member 'AccountType'.
views/accounts/FinancialReports.tsx(14,23): error TS2305: Module '"../../types"' has no exported member 'LedgerEntry'.
views/accounts/FinancialReports.tsx(14,36): error TS2305: Module '"../../types"' has no exported member 'Account'.
views/accounts/Income.tsx(7,10): error TS2305: Module '"../../types"' has no exported member 'Income'.
views/accounts/Income.tsx(31,33): error TS2339: Property 'CASH_DRAWER' does not exist on type 'Account[]'.
views/accounts/Income.tsx(74,37): error TS2339: Property 'CASH_DRAWER' does not exist on type 'Account[]'.
views/accounts/Income.tsx(141,73): error TS2339: Property 'CASH_DRAWER' does not exist on type 'Account[]'.
views/accounts/Income.tsx(142,73): error TS2339: Property 'BANK' does not exist on type 'Account[]'.
views/accounts/Income.tsx(143,73): error TS2339: Property 'MOBILE_MONEY' does not exist on type 'Account[]'.
views/accounts/Payroll.tsx(5,10): error TS2305: Module '"../../types"' has no exported member 'Employee'.
views/accounts/Payroll.tsx(5,20): error TS2305: Module '"../../types"' has no exported member 'PayrollRun'.
views/accounts/Payroll.tsx(5,32): error TS2305: Module '"../../types"' has no exported member 'Payslip'.
views/accounts/Transfers.tsx(2,10): error TS2305: Module '"../../types"' has no exported member 'Transfer'.
views/admin/DataImport.tsx(12,15): error TS2305: Module '"../../types"' has no exported member 'Item'.
views/admin/UserManagement.tsx(5,10): error TS2305: Module '"../../types"' has no exported member 'User'.
views/admin/UserManagement.tsx(5,16): error TS2305: Module '"../../types"' has no exported member 'UserGroup'.
views/AuditLogs.tsx(9,10): error TS2305: Module '"../types"' has no exported member 'AuditLogEntry'.
views/examination/components/BOMDialog.tsx(9,10): error TS2305: Module '"../../../types"' has no exported member 'ExaminationBatch'.
views/examination/components/BOMDialog.tsx(9,28): error TS2305: Module '"../../../types"' has no exported member 'Item'.
views/examination/components/BOMDialog.tsx(9,34): error TS2305: Module '"../../../types"' has no exported member 'MarketAdjustment'.
views/examination/components/BOMDialog.tsx(464,33): error TS2339: Property 'showCompanyLogo' does not exist on type 'CompanyConfig'.
views/examination/components/BOMDialog.tsx(464,67): error TS2339: Property 'logoBase64' does not exist on type 'CompanyConfig'.
views/examination/components/ExaminationBatchModal.tsx(12,10): error TS2305: Module '"../../../types"' has no exported member 'Customer'.
views/examination/components/ExaminationBatchModal.tsx(427,22): error TS2304: Cannot find name 'Calendar'.
views/examination/components/ExaminationBatchModal.tsx(477,118): error TS2304: Cannot find name 'Calendar'.
views/examination/components/ExaminationBatchModal.tsx(480,24): error TS2304: Cannot find name 'Eye'.
views/examination/components/ExaminationPricingSettingsDialog.tsx(7,10): error TS2305: Module '"../../../types"' has no exported member 'ExaminationBatch'.
views/examination/components/ExaminationPricingSettingsDialog.tsx(7,28): error TS2305: Module '"../../../types"' has no exported member 'Item'.
views/examination/components/ExaminationPricingSettingsDialog.tsx(7,34): error TS2305: Module '"../../../types"' has no exported member 'MarketAdjustment'.
views/examination/components/ManageSubjectsDialog.tsx(4,10): error TS2305: Module '"../../../types"' has no exported member 'ExaminationClass'.
views/examination/components/ManageSubjectsDialog.tsx(4,28): error TS2305: Module '"../../../types"' has no exported member 'ExaminationSubject'.
views/examination/components/ManageSubjectsDialog.tsx(4,48): error TS2305: Module '"../../../types"' has no exported member 'Item'.
views/examination/components/SchoolSelector.tsx(2,10): error TS2305: Module '"../../../types"' has no exported member 'School'.
views/examination/ExaminationBatchDetail.tsx(7,10): error TS2305: Module '"../../types"' has no exported member 'ExaminationBatch'.
views/examination/ExaminationBatchDetail.tsx(7,28): error TS2305: Module '"../../types"' has no exported member 'ExaminationClass'.
views/examination/ExaminationBatchDetail.tsx(7,46): error TS2305: Module '"../../types"' has no exported member 'ExaminationSubject'.
views/examination/ExaminationBatchForm.tsx(7,10): error TS2305: Module '"../../types"' has no exported member 'Customer'.
views/examination/ExaminationJobForm.tsx(5,10): error TS2305: Module '"../../types"' has no exported member 'PricingRoundingMethod'.
views/examination/ExaminationJobForm.tsx(371,19): error TS2345: Argument of type '{ exam_name: any; school_id: any; sub_account_name: any; class_name: any; number_of_learners: any; bom_id: any; adjustment_id: any; adjustment_type: any; adjustment_value: any; rounding_method: PricingRoundingMethod; ... 5 more ...; subjects: { ...; }[]; }' is not assignable to parameter of type 'SetStateAction<{ exam_name: string; school_id: string; sub_account_name: string; class_name: string; number_of_learners: number; bom_id: string; adjustment_id: string; adjustment_type: "fixed" | "percentage"; ... 8 more ...; subjects: { ...; }[]; }>'.
  Property 'pricing_locked' is missing in type '{ exam_name: any; school_id: any; sub_account_name: any; class_name: any; number_of_learners: any; bom_id: any; adjustment_id: any; adjustment_type: any; adjustment_value: any; rounding_method: PricingRoundingMethod; ... 5 more ...; subjects: { ...; }[]; }' but required in type '{ exam_name: string; school_id: string; sub_account_name: string; class_name: string; number_of_learners: number; bom_id: string; adjustment_id: string; adjustment_type: "fixed" | "percentage"; ... 8 more ...; subjects: Array<{ id?: string; subject_name: string; pages_per_paper: number; extra_copies: number; }>; }'.
views/examination/PricingSummaryPanel.tsx(2,10): error TS2305: Module '"../../types"' has no exported member 'ExaminationJob'.
views/examination/RecurringProfiles.tsx(4,10): error TS2305: Module '"../../types"' has no exported member 'ExaminationRecurringProfile'.
views/examination/RecurringProfiles.tsx(4,39): error TS2305: Module '"../../types"' has no exported member 'ExaminationJob'.
views/examination/RecurringProfiles.tsx(4,55): error TS2305: Module '"../../types"' has no exported member 'ExaminationInvoiceGroup'.
views/examination/SubjectTable.tsx(2,10): error TS2305: Module '"../../types"' has no exported member 'ExaminationJobSubject'.
views/Forecasting.tsx(5,10): error TS2305: Module '"../types"' has no exported member 'Item'.
views/Forecasting.tsx(5,16): error TS2305: Module '"../types"' has no exported member 'Invoice'.
views/Forecasting.tsx(5,25): error TS2305: Module '"../types"' has no exported member 'Purchase'.
views/Inventory.tsx(7,10): error TS2305: Module '"../types"' has no exported member 'Item'.
views/Inventory.tsx(7,16): error TS2305: Module '"../types"' has no exported member 'Warehouse'.
views/Inventory.tsx(18,13): error TS2339: Property 'fetchInventory' does not exist on type 'InventoryContextType'.
views/Inventory.tsx(18,29): error TS2339: Property 'fetchProcurementData' does not exist on type 'InventoryContextType'.
views/inventory/components/InventoryTransactionHistory.tsx(13,10): error TS2305: Module '"../../../types"' has no exported member 'InventoryTransaction'.
views/inventory/components/InventoryTransactionHistory.tsx(13,32): error TS2305: Module '"../../../types"' has no exported member 'MaterialBatch'.
views/inventory/components/InventoryTransactionHistory.tsx(13,47): error TS2305: Module '"../../../types"' has no exported member 'WarehouseInventory'.
views/inventory/components/InventoryViews.tsx(4,10): error TS2305: Module '"../../../types"' has no exported member 'Item'.
views/inventory/components/InventoryViews.tsx(4,16): error TS2305: Module '"../../../types"' has no exported member 'Warehouse'.
views/inventory/components/InventoryViews.tsx(218,107): error TS2322: Type '{ size: number; className: string; title: string; }' is not assignable to type 'IntrinsicAttributes & Omit<LucideProps, "ref"> & RefAttributes<SVGSVGElement>'.
  Property 'title' does not exist on type 'IntrinsicAttributes & Omit<LucideProps, "ref"> & RefAttributes<SVGSVGElement>'.
views/inventory/components/InventoryViews.tsx(269,53): error TS2322: Type '{ documentId: any; documentType: string; payload: Item; onPreviewReady: (model: any) => void; title: string; }' is not assignable to type 'IntrinsicAttributes & PreviewButtonProps'.
  Property 'documentId' does not exist on type 'IntrinsicAttributes & PreviewButtonProps'.
views/inventory/components/InventoryViews.tsx(297,187): error TS2322: Type 'unknown' is not assignable to type 'ReactNode'.
views/inventory/components/InventoryViews.tsx(312,57): error TS2322: Type '{ documentId: any; documentType: string; payload: any; onPreviewReady: (model: any) => void; title: string; iconSize: number; }' is not assignable to type 'IntrinsicAttributes & PreviewButtonProps'.
  Property 'documentId' does not exist on type 'IntrinsicAttributes & PreviewButtonProps'.
views/inventory/components/ItemModal.tsx(3,10): error TS2305: Module '"../../../types"' has no exported member 'Item'.
views/inventory/components/ItemModal.tsx(3,16): error TS2305: Module '"../../../types"' has no exported member 'Warehouse'.
views/inventory/components/ItemModal.tsx(3,27): error TS2305: Module '"../../../types"' has no exported member 'ProductVariant'.
views/inventory/components/ItemModal.tsx(3,43): error TS2305: Module '"../../../types"' has no exported member 'PricingConfig'.
views/inventory/components/ItemModal.tsx(3,58): error TS2305: Module '"../../../types"' has no exported member 'FinishingOption'.
views/inventory/components/ItemModal.tsx(3,75): error TS2305: Module '"../../../types"' has no exported member 'AdjustmentSnapshot'.
views/inventory/components/ItemModal.tsx(3,95): error TS2305: Module '"../../../types"' has no exported member 'BOMTemplate'.
views/inventory/components/ItemModal.tsx(3,108): error TS2305: Module '"../../../types"' has no exported member 'MarketAdjustment'.
views/inventory/components/ProductDetails.tsx(11,10): error TS2305: Module '"../../../types"' has no exported member 'Item'.
views/inventory/components/ProductDetails.tsx(11,16): error TS2305: Module '"../../../types"' has no exported member 'Sale'.
views/inventory/components/ProductDetails.tsx(11,22): error TS2305: Module '"../../../types"' has no exported member 'Purchase'.
views/inventory/components/ProductDetails.tsx(11,32): error TS2305: Module '"../../../types"' has no exported member 'ProductionBatch'.
views/inventory/components/ProductDetails.tsx(11,49): error TS2305: Module '"../../../types"' has no exported member 'WorkOrder'.
views/inventory/components/ProductDetails.tsx(853,46): error TS2304: Cannot find name 'ArrowRight'.
views/inventory/components/ProductForecastDetail.tsx(10,10): error TS2305: Module '"../../../types"' has no exported member 'Item'.
views/inventory/components/ProductForecastDetail.tsx(10,16): error TS2305: Module '"../../../types"' has no exported member 'Sale'.
views/inventory/components/ProductForecastDetail.tsx(10,22): error TS2305: Module '"../../../types"' has no exported member 'Purchase'.
views/inventory/components/SmartAdjustModal.tsx(14,10): error TS2305: Module '"../../../types"' has no exported member 'Item'.
views/inventory/components/StockAdjustmentModal.tsx(3,10): error TS2305: Module '"../../../types"' has no exported member 'Item'.
views/inventory/components/StockAdjustmentModal.tsx(3,16): error TS2305: Module '"../../../types"' has no exported member 'Warehouse'.
views/POS.tsx(5,10): error TS2305: Module '"../types"' has no exported member 'CartItem'.
views/POS.tsx(5,20): error TS2305: Module '"../types"' has no exported member 'Item'.
views/POS.tsx(5,26): error TS2305: Module '"../types"' has no exported member 'Sale'.
views/POS.tsx(5,32): error TS2305: Module '"../types"' has no exported member 'PaymentDetail'.
views/POS.tsx(5,47): error TS2305: Module '"../types"' has no exported member 'HeldOrder'.
views/POS.tsx(5,58): error TS2305: Module '"../types"' has no exported member 'ZReport'.
views/POS.tsx(5,67): error TS2305: Module '"../types"' has no exported member 'BOMTemplate'.
views/pos/components/CartSidebar.tsx(4,10): error TS2305: Module '"../../../types"' has no exported member 'CartItem'.
views/pos/components/CartSidebar.tsx(291,63): error TS2322: Type 'unknown' is not assignable to type 'ReactNode'.
views/pos/components/PaymentModal.tsx(3,15): error TS2305: Module '"../../../types"' has no exported member 'PaymentDetail'.
views/pos/components/PosModals.tsx(4,10): error TS2305: Module '"../../../types"' has no exported member 'HeldOrder'.
views/pos/components/PosModals.tsx(4,21): error TS2305: Module '"../../../types"' has no exported member 'Sale'.
views/pos/components/PosModals.tsx(4,27): error TS2305: Module '"../../../types"' has no exported member 'Invoice'.
views/pos/components/PosModals.tsx(4,36): error TS2305: Module '"../../../types"' has no exported member 'Item'.
views/pos/components/PosModals.tsx(4,42): error TS2305: Module '"../../../types"' has no exported member 'ProductVariant'.
views/pos/components/PosModals.tsx(4,58): error TS2305: Module '"../../../types"' has no exported member 'BillOfMaterial'.
views/pos/components/PosModals.tsx(4,74): error TS2305: Module '"../../../types"' has no exported member 'WorkOrder'.
views/pos/components/PosModals.tsx(4,85): error TS2305: Module '"../../../types"' has no exported member 'BOMTemplate'.
views/pos/components/PosModals.tsx(679,54): error TS2345: Argument of type '{ priceLocked: true; lockedTotalPrice: number; lockedUnitPricePerCopy: number; lockedUnitCostPerCopy: number; pages: number; copies: number; totalPages: number; unitCostPerCopy: number; unitCostPerPage: number; ... 7 more ...; serviceDetails: { ...; }; }' is not assignable to parameter of type 'DynamicServicePricingResult'.
  Type '{ priceLocked: true; lockedTotalPrice: number; lockedUnitPricePerCopy: number; lockedUnitCostPerCopy: number; pages: number; copies: number; totalPages: number; unitCostPerCopy: number; unitCostPerPage: number; ... 7 more ...; serviceDetails: { ...; }; }' is missing the following properties from type 'DynamicServicePricingResult': totalCost, components
views/pos/components/PosModals.tsx(1010,71): error TS2322: Type 'unknown' is not assignable to type 'ReactNode'.
views/pos/components/ProductGrid.tsx(4,10): error TS2305: Module '"../../../types"' has no exported member 'Item'.
views/pos/components/ProductGrid.tsx(4,16): error TS2305: Module '"../../../types"' has no exported member 'ProductVariant'.
views/production/BOMRecipes.tsx(7,10): error TS2305: Module '"../../types"' has no exported member 'BOMTemplate'.
views/production/BOMRecipes.tsx(7,23): error TS2305: Module '"../../types"' has no exported member 'Item'.
views/production/components/InkDensityAnalyzer.tsx(5,10): error TS2305: Module '"../../../types"' has no exported member 'InkCoverage'.
views/production/components/ProductionForms.tsx(10,10): error TS2305: Module '"../../../types"' has no exported member 'Item'.
views/production/components/ProductionForms.tsx(10,16): error TS2305: Module '"../../../types"' has no exported member 'ProductionOperation'.
views/production/components/ProductionForms.tsx(10,37): error TS2305: Module '"../../../types"' has no exported member 'BOMComponent'.
views/production/components/ProductionForms.tsx(10,51): error TS2305: Module '"../../../types"' has no exported member 'WorkCenter'.
views/production/components/ProductionForms.tsx(10,63): error TS2305: Module '"../../../types"' has no exported member 'WorkOrder'.
views/production/components/ProductionForms.tsx(10,74): error TS2305: Module '"../../../types"' has no exported member 'JobOrder'.
views/production/components/ProductionForms.tsx(10,84): error TS2305: Module '"../../../types"' has no exported member 'VDPConfig'.
views/production/components/ProductionForms.tsx(886,11): error TS2304: Cannot find name 'BillOfMaterial'.
views/production/components/ProductionForms.tsx(1343,11): error TS2304: Cannot find name 'BillOfMaterial'.
views/production/components/ProductionLists.tsx(3,10): error TS2305: Module '"../../../types"' has no exported member 'BillOfMaterial'.
views/production/components/ProductionLists.tsx(3,26): error TS2305: Module '"../../../types"' has no exported member 'WorkOrder'.
views/production/ExaminationPrinting.tsx(50,10): error TS2305: Module '"../../types"' has no exported member 'MarketAdjustment'.
views/production/ExaminationPrinting.tsx(50,28): error TS2305: Module '"../../types"' has no exported member 'BOMTemplate'.
views/production/ExaminationPrinting.tsx(50,41): error TS2305: Module '"../../types"' has no exported member 'ExamPricingResult'.
views/production/ExaminationPrinting.tsx(50,60): error TS2305: Module '"../../types"' has no exported member 'SubjectJob'.
views/production/ExaminationPrinting.tsx(50,72): error TS2305: Module '"../../types"' has no exported member 'ExamSchoolLocal'.
views/production/ExaminationPrinting.tsx(50,99): error TS2305: Module '"../../types"' has no exported member 'ExamClassLocal'.
views/production/ExaminationPrinting.tsx(50,124): error TS2305: Module '"../../types"' has no exported member 'ExamSubjectLocal'.
views/production/ExaminationPrinting.tsx(50,153): error TS2305: Module '"../../types"' has no exported member 'ExamPaper'.
views/production/ExaminationPrinting.tsx(564,69): error TS2551: Property 'batchId' does not exist on type '{ success: boolean; batch_id: string; }'. Did you mean 'batch_id'?
views/production/ExaminationPrintingV2.tsx(17,3): error TS2305: Module '"../../types"' has no exported member 'ExaminationAdjustmentType'.
views/production/ExaminationPrintingV2.tsx(18,3): error TS2305: Module '"../../types"' has no exported member 'ExaminationInvoiceGroup'.
views/production/ExaminationPrintingV2.tsx(19,3): error TS2305: Module '"../../types"' has no exported member 'ExaminationJob'.
views/production/ExaminationPrintingV2.tsx(20,3): error TS2305: Module '"../../types"' has no exported member 'ExaminationJobSubject'.
views/production/ExaminationPrintingV2.tsx(21,3): error TS2305: Module '"../../types"' has no exported member 'ExaminationRecurringProfile'.
views/production/ExaminationPrintingV2.tsx(22,3): error TS2305: Module '"../../types"' has no exported member 'ExaminationRoundingRuleType'.
views/production/MachineMaintenance.tsx(13,10): error TS2305: Module '"../../types"' has no exported member 'ProductionResource'.
views/production/MachineMaintenance.tsx(13,30): error TS2305: Module '"../../types"' has no exported member 'MaintenanceLog'.
views/production/NewBatch.tsx(4,10): error TS2305: Module '"../../types"' has no exported member 'BOMComponent'.
views/production/NewExamJobModal.tsx(49,10): error TS2305: Module '"../../types"' has no exported member 'MarketAdjustment'.
views/production/NewExamJobModal.tsx(49,28): error TS2305: Module '"../../types"' has no exported member 'BOMTemplate'.
views/production/NewExamJobModal.tsx(49,41): error TS2305: Module '"../../types"' has no exported member 'ExamPricingResult'.
views/production/NewExamJobModal.tsx(49,60): error TS2305: Module '"../../types"' has no exported member 'SubjectJob'.
views/production/NewExamJobModal.tsx(49,72): error TS2305: Module '"../../types"' has no exported member 'ExamSchoolLocal'.
views/production/NewExamJobModal.tsx(49,99): error TS2305: Module '"../../types"' has no exported member 'ExamClassLocal'.
views/production/NewExamJobModal.tsx(49,124): error TS2305: Module '"../../types"' has no exported member 'ExamSubjectLocal'.
views/production/NewExamJobModal.tsx(49,153): error TS2305: Module '"../../types"' has no exported member 'ExamPaper'.
views/production/NewExamJobModal.tsx(583,69): error TS2551: Property 'batchId' does not exist on type '{ success: boolean; batch_id: string; }'. Did you mean 'batch_id'?
views/production/Scheduler.tsx(4,10): error TS2305: Module '"../../types"' has no exported member 'WorkOrder'.
views/production/Scheduler.tsx(4,21): error TS2305: Module '"../../types"' has no exported member 'ResourceAllocation'.
views/production/ShopFloor.tsx(10,10): error TS2305: Module '"../../types"' has no exported member 'WorkOrder'.
views/production/ShopFloorKiosk.tsx(11,10): error TS2305: Module '"../../types"' has no exported member 'WorkOrder'.
views/production/WorkOrders.tsx(10,10): error TS2305: Module '"../../types"' has no exported member 'WorkOrder'.
views/production/WorkOrders.tsx(10,21): error TS2305: Module '"../../types"' has no exported member 'CartItem'.
views/production/WorkOrders.tsx(10,31): error TS2305: Module '"../../types"' has no exported member 'Invoice'.
views/Purchases.tsx(7,10): error TS2305: Module '"../types"' has no exported member 'Purchase'.
views/Purchases.tsx(7,20): error TS2305: Module '"../types"' has no exported member 'SupplierPayment'.
views/Purchases.tsx(269,17): error TS2322: Type '{ inventory: any; suppliers: any; onCreateOrder: (data: { supplierId: string; items: any[]; reference: string; dueDate: string; date: string; }) => void; initialData: any; onUpdateOrder: (id: string, data: { ...; }) => void; onCancel: () => void; }' is not assignable to type 'IntrinsicAttributes & PurchaseBuilderProps'.
  Property 'suppliers' does not exist on type 'IntrinsicAttributes & PurchaseBuilderProps'.
views/purchases/components/LandingCostAllocation.tsx(9,10): error TS2305: Module '"../../../types"' has no exported member 'Purchase'.
views/purchases/components/LandingCostAllocation.tsx(9,20): error TS2305: Module '"../../../types"' has no exported member 'LandingCostItem'.
views/purchases/components/LandingCostAllocation.tsx(9,37): error TS2305: Module '"../../../types"' has no exported member 'Expense'.
views/purchases/components/PurchaseBuilder.tsx(3,10): error TS2305: Module '"../../../types"' has no exported member 'Item'.
views/purchases/components/PurchaseBuilder.tsx(3,16): error TS2305: Module '"../../../types"' has no exported member 'Purchase'.
views/purchases/components/PurchaseBuilder.tsx(3,26): error TS2305: Module '"../../../types"' has no exported member 'Invoice'.
views/purchases/components/PurchaseBuilder.tsx(3,35): error TS2305: Module '"../../../types"' has no exported member 'Supplier'.
views/purchases/components/PurchaseHistory.tsx(6,10): error TS2305: Module '"../../../types"' has no exported member 'Purchase'.
views/purchases/components/PurchaseOrderDetail.tsx(3,10): error TS2305: Module '"../../../types"' has no exported member 'Purchase'.
views/purchases/components/PurchaseOrderDetail.tsx(3,20): error TS2305: Module '"../../../types"' has no exported member 'LandingCostItem'.
views/purchases/components/SupplierModal.tsx(3,10): error TS2305: Module '"../../../types"' has no exported member 'Supplier'.
views/purchases/components/SupplierPaymentModal.tsx(4,10): error TS2305: Module '"../../../types"' has no exported member 'Purchase'.
views/purchases/components/SupplierPaymentModal.tsx(4,20): error TS2305: Module '"../../../types"' has no exported member 'SupplierPayment'.
views/purchases/components/SupplierWorkspace.tsx(16,10): error TS2305: Module '"../../../types"' has no exported member 'Supplier'.
views/purchases/components/SupplierWorkspace.tsx(16,20): error TS2305: Module '"../../../types"' has no exported member 'Purchase'.
views/purchases/components/SupplierWorkspace.tsx(16,30): error TS2305: Module '"../../../types"' has no exported member 'SupplierPayment'.
views/purchases/components/SupplierWorkspace.tsx(16,47): error TS2305: Module '"../../../types"' has no exported member 'AuditLogEntry'.
views/purchases/components/SupplierWorkspace.tsx(16,62): error TS2305: Module '"../../../types"' has no exported member 'LedgerEntry'.
views/purchases/GoodsReceived.tsx(10,10): error TS2305: Module '"../../types"' has no exported member 'GoodsReceipt'.
views/purchases/GoodsReceived.tsx(10,24): error TS2305: Module '"../../types"' has no exported member 'Purchase'.
views/purchases/GoodsReceived.tsx(10,34): error TS2305: Module '"../../types"' has no exported member 'Item'.
views/purchases/GoodsReceived.tsx(10,40): error TS2305: Module '"../../types"' has no exported member 'LandingCostItem'.
views/purchases/Subcontracting.tsx(9,10): error TS2305: Module '"../../types"' has no exported member 'WorkOrder'.
views/purchases/Subcontracting.tsx(9,21): error TS2305: Module '"../../types"' has no exported member 'SubcontractOrder'.
views/purchases/Suppliers.tsx(10,10): error TS2305: Module '"../../types"' has no exported member 'Supplier'.
views/purchases/Suppliers.tsx(10,20): error TS2305: Module '"../../types"' has no exported member 'Purchase'.
views/reports/ReportBuilder.tsx(28,5): error TS2322: Type '"tabular"' is not assignable to type 'ReportType'.
views/reports/ReportBuilder.tsx(200,74): error TS2352: Conversion of type 'ChangeEvent<HTMLSelectElement, HTMLSelectElement>' to type 'ReportType' may be a mistake because neither type sufficiently overlaps with the other. If this was intentional, convert the expression to 'unknown' first.
views/reports/ReportBuilder.tsx(201,13): error TS2322: Type '{ value: string; onChange: (value: ChangeEvent<HTMLSelectElement, HTMLSelectElement>) => void; options: { value: string; label: string; }[]; }' is not assignable to type 'IntrinsicAttributes & SelectHTMLAttributes<HTMLSelectElement> & { label?: string; error?: string; } & RefAttributes<HTMLSelectElement>'.
  Property 'options' does not exist on type 'IntrinsicAttributes & SelectHTMLAttributes<HTMLSelectElement> & { label?: string; error?: string; } & RefAttributes<HTMLSelectElement>'.
views/reports/ReportBuilder.tsx(216,78): error TS2352: Conversion of type 'ChangeEvent<HTMLSelectElement, HTMLSelectElement>' to type 'ReportCategory' may be a mistake because neither type sufficiently overlaps with the other. If this was intentional, convert the expression to 'unknown' first.
views/reports/ReportBuilder.tsx(217,13): error TS2322: Type '{ value: ReportCategory; onChange: (value: ChangeEvent<HTMLSelectElement, HTMLSelectElement>) => void; options: { ...; }[]; }' is not assignable to type 'IntrinsicAttributes & SelectHTMLAttributes<HTMLSelectElement> & { label?: string; error?: string; } & RefAttributes<HTMLSelectElement>'.
  Property 'options' does not exist on type 'IntrinsicAttributes & SelectHTMLAttributes<HTMLSelectElement> & { label?: string; error?: string; } & RefAttributes<HTMLSelectElement>'.
views/reports/ReportBuilder.tsx(235,46): error TS2345: Argument of type '(prev: Partial<ReportDefinition>) => { dataSource: ChangeEvent<HTMLSelectElement, HTMLSelectElement>; ... 26 more ...; version?: number; }' is not assignable to parameter of type 'SetStateAction<Partial<ReportDefinition>>'.
  Type '(prev: Partial<ReportDefinition>) => { dataSource: ChangeEvent<HTMLSelectElement, HTMLSelectElement>; ... 26 more ...; version?: number; }' is not assignable to type '(prevState: Partial<ReportDefinition>) => Partial<ReportDefinition>'.
    Call signature return types '{ dataSource: ChangeEvent<HTMLSelectElement, HTMLSelectElement>; id?: string; name?: string; description?: string; category?: ReportCategory; ... 22 more ...; version?: number; }' and 'Partial<ReportDefinition>' are incompatible.
      The types of 'dataSource' are incompatible between these types.
        Type 'ChangeEvent<HTMLSelectElement, HTMLSelectElement>' is not assignable to type 'string'.
views/reports/ReportBuilder.tsx(236,11): error TS2322: Type '{ value: string; onChange: (value: ChangeEvent<HTMLSelectElement, HTMLSelectElement>) => void; options: { value: string; label: string; }[]; }' is not assignable to type 'IntrinsicAttributes & SelectHTMLAttributes<HTMLSelectElement> & { label?: string; error?: string; } & RefAttributes<HTMLSelectElement>'.
  Property 'options' does not exist on type 'IntrinsicAttributes & SelectHTMLAttributes<HTMLSelectElement> & { label?: string; error?: string; } & RefAttributes<HTMLSelectElement>'.
views/reports/ReportBuilder.tsx(439,57): error TS2322: Type 'ChangeEvent<HTMLSelectElement, HTMLSelectElement>' is not assignable to type 'string'.
views/reports/ReportBuilder.tsx(443,17): error TS2322: Type '{ value: string; onChange: (value: ChangeEvent<HTMLSelectElement, HTMLSelectElement>) => void; options: { value: string; label: string; }[]; placeholder: string; }' is not assignable to type 'IntrinsicAttributes & SelectHTMLAttributes<HTMLSelectElement> & { label?: string; error?: string; } & RefAttributes<HTMLSelectElement>'.
  Property 'options' does not exist on type 'IntrinsicAttributes & SelectHTMLAttributes<HTMLSelectElement> & { label?: string; error?: string; } & RefAttributes<HTMLSelectElement>'.
views/reports/ReportBuilder.tsx(451,68): error TS2352: Conversion of type 'ChangeEvent<HTMLSelectElement, HTMLSelectElement>' to type '"desc" | "asc"' may be a mistake because neither type sufficiently overlaps with the other. If this was intentional, convert the expression to 'unknown' first.
views/reports/ReportBuilder.tsx(455,17): error TS2322: Type '{ value: SortDirection; onChange: (value: ChangeEvent<HTMLSelectElement, HTMLSelectElement>) => void; options: { ...; }[]; }' is not assignable to type 'IntrinsicAttributes & SelectHTMLAttributes<HTMLSelectElement> & { label?: string; error?: string; } & RefAttributes<HTMLSelectElement>'.
  Property 'options' does not exist on type 'IntrinsicAttributes & SelectHTMLAttributes<HTMLSelectElement> & { label?: string; error?: string; } & RefAttributes<HTMLSelectElement>'.
views/reports/ReportBuilder.tsx(487,27): error TS2345: Argument of type '(prev: Partial<ReportDefinition>) => { groupBy: (ReportGrouping | { field: string; showSubtotals: true; })[]; id?: string; name?: string; description?: string; ... 23 more ...; version?: number; }' is not assignable to parameter of type 'SetStateAction<Partial<ReportDefinition>>'.
  Type '(prev: Partial<ReportDefinition>) => { groupBy: (ReportGrouping | { field: string; showSubtotals: true; })[]; id?: string; name?: string; description?: string; ... 23 more ...; version?: number; }' is not assignable to type '(prevState: Partial<ReportDefinition>) => Partial<ReportDefinition>'.
    Call signature return types '{ groupBy: (ReportGrouping | { field: string; showSubtotals: true; })[]; id?: string; name?: string; description?: string; category?: ReportCategory; type?: ReportType; ... 21 more ...; version?: number; }' and 'Partial<ReportDefinition>' are incompatible.
      The types of 'groupBy' are incompatible between these types.
        Type '(ReportGrouping | { field: string; showSubtotals: true; })[]' is not assignable to type 'ReportGrouping[]'.
          Type 'ReportGrouping | { field: string; showSubtotals: true; }' is not assignable to type 'ReportGrouping'.
            Property 'label' is missing in type '{ field: string; showSubtotals: true; }' but required in type 'ReportGrouping'.
views/reports/ReportBuilder.tsx(510,59): error TS2322: Type 'ChangeEvent<HTMLSelectElement, HTMLSelectElement>' is not assignable to type 'string'.
views/reports/ReportBuilder.tsx(514,17): error TS2322: Type '{ value: string; onChange: (value: ChangeEvent<HTMLSelectElement, HTMLSelectElement>) => void; options: { value: string; label: string; }[]; placeholder: string; }' is not assignable to type 'IntrinsicAttributes & SelectHTMLAttributes<HTMLSelectElement> & { label?: string; error?: string; } & RefAttributes<HTMLSelectElement>'.
  Property 'options' does not exist on type 'IntrinsicAttributes & SelectHTMLAttributes<HTMLSelectElement> & { label?: string; error?: string; } & RefAttributes<HTMLSelectElement>'.
views/reports/ReportBuilder.tsx(621,19): error TS2322: Type '{ value: "area" | "line" | "bar" | "pie" | "doughnut" | "scatter" | "radar"; onChange: (value: ChangeEvent<HTMLSelectElement, HTMLSelectElement>) => void; options: { ...; }[]; }' is not assignable to type 'IntrinsicAttributes & SelectHTMLAttributes<HTMLSelectElement> & { label?: string; error?: string; } & RefAttributes<HTMLSelectElement>'.
  Property 'options' does not exist on type 'IntrinsicAttributes & SelectHTMLAttributes<HTMLSelectElement> & { label?: string; error?: string; } & RefAttributes<HTMLSelectElement>'.
views/reports/ReportBuilder.tsx(634,59): error TS2322: Type 'ChangeEvent<HTMLSelectElement, HTMLSelectElement>' is not assignable to type 'string'.
views/reports/ReportBuilder.tsx(638,19): error TS2322: Type '{ value: string; onChange: (value: ChangeEvent<HTMLSelectElement, HTMLSelectElement>) => void; options: { value: string; label: string; }[]; placeholder: string; }' is not assignable to type 'IntrinsicAttributes & SelectHTMLAttributes<HTMLSelectElement> & { label?: string; error?: string; } & RefAttributes<HTMLSelectElement>'.
  Property 'options' does not exist on type 'IntrinsicAttributes & SelectHTMLAttributes<HTMLSelectElement> & { label?: string; error?: string; } & RefAttributes<HTMLSelectElement>'.
views/reports/ReportBuilder.tsx(646,59): error TS2322: Type 'ChangeEvent<HTMLSelectElement, HTMLSelectElement>' is not assignable to type 'string'.
views/reports/ReportBuilder.tsx(650,19): error TS2322: Type '{ value: string; onChange: (value: ChangeEvent<HTMLSelectElement, HTMLSelectElement>) => void; options: { value: string; label: string; }[]; placeholder: string; }' is not assignable to type 'IntrinsicAttributes & SelectHTMLAttributes<HTMLSelectElement> & { label?: string; error?: string; } & RefAttributes<HTMLSelectElement>'.
  Property 'options' does not exist on type 'IntrinsicAttributes & SelectHTMLAttributes<HTMLSelectElement> & { label?: string; error?: string; } & RefAttributes<HTMLSelectElement>'.
views/reports/ReportBuilder.tsx(669,37): error TS2339: Property 'parameters' does not exist on type 'Partial<ReportDefinition>'.
views/reports/ReportBuilder.tsx(683,20): error TS2339: Property 'parameters' does not exist on type 'Partial<ReportDefinition>'.
views/reports/ReportBuilder.tsx(689,24): error TS2339: Property 'parameters' does not exist on type 'Partial<ReportDefinition>'.
views/reports/ReportBuilder.tsx(696,52): error TS2339: Property 'parameters' does not exist on type 'Partial<ReportDefinition>'.
views/reports/ReportBuilder.tsx(707,52): error TS2339: Property 'parameters' does not exist on type 'Partial<ReportDefinition>'.
views/reports/ReportBuilder.tsx(718,52): error TS2339: Property 'parameters' does not exist on type 'Partial<ReportDefinition>'.
views/reports/ReportBuilder.tsx(723,19): error TS2322: Type '{ value: any; onChange: (value: ChangeEvent<HTMLSelectElement, HTMLSelectElement>) => void; options: { value: string; label: string; }[]; }' is not assignable to type 'IntrinsicAttributes & SelectHTMLAttributes<HTMLSelectElement> & { label?: string; error?: string; } & RefAttributes<HTMLSelectElement>'.
  Property 'options' does not exist on type 'IntrinsicAttributes & SelectHTMLAttributes<HTMLSelectElement> & { label?: string; error?: string; } & RefAttributes<HTMLSelectElement>'.
views/reports/ReportBuilder.tsx(739,56): error TS2339: Property 'parameters' does not exist on type 'Partial<ReportDefinition>'.
views/reports/ReportBuilder.tsx(753,54): error TS2339: Property 'parameters' does not exist on type 'Partial<ReportDefinition>'.
views/reports/ReportBuilder.tsx(889,5): error TS2345: Argument of type 'ReportColumn | { id: string; field: string; label: string; type: "string"; sortable: true; filterable: boolean; hidden: false; width: number; }' is not assignable to parameter of type 'ReportColumn | (() => ReportColumn)'.
  Object literal may only specify known properties, and 'filterable' does not exist in type 'ReportColumn | (() => ReportColumn)'.
views/reports/ReportBuilder.tsx(902,18): error TS2322: Type '{ children: Element; open: true; onClose: () => void; title: string; }' is not assignable to type 'IntrinsicAttributes & DialogProps'.
  Property 'onClose' does not exist on type 'IntrinsicAttributes & DialogProps'.
views/reports/ReportBuilder.tsx(909,46): error TS2367: This comparison appears to be unintentional because the types 'string' and 'ChangeEvent<HTMLSelectElement, HTMLSelectElement>' have no overlap.
views/reports/ReportBuilder.tsx(910,27): error TS2345: Argument of type '(prev: ReportColumn) => { field: ChangeEvent<HTMLSelectElement, HTMLSelectElement>; label: string | ChangeEvent<HTMLSelectElement, HTMLSelectElement>; ... 10 more ...; conditionalFormatting?: ConditionalFormat[]; }' is not assignable to parameter of type 'SetStateAction<ReportColumn>'.
  Type '(prev: ReportColumn) => { field: ChangeEvent<HTMLSelectElement, HTMLSelectElement>; label: string | ChangeEvent<HTMLSelectElement, HTMLSelectElement>; ... 10 more ...; conditionalFormatting?: ConditionalFormat[]; }' is not assignable to type '(prevState: ReportColumn) => ReportColumn'.
    Call signature return types '{ field: ChangeEvent<HTMLSelectElement, HTMLSelectElement>; label: string | ChangeEvent<HTMLSelectElement, HTMLSelectElement>; ... 10 more ...; conditionalFormatting?: ConditionalFormat[]; }' and 'ReportColumn' are incompatible.
      The types of 'field' are incompatible between these types.
        Type 'ChangeEvent<HTMLSelectElement, HTMLSelectElement>' is not assignable to type 'string'.
views/reports/ReportBuilder.tsx(917,13): error TS2322: Type '{ value: string; onChange: (value: ChangeEvent<HTMLSelectElement, HTMLSelectElement>) => void; options: { value: string; label: string; }[]; }' is not assignable to type 'IntrinsicAttributes & SelectHTMLAttributes<HTMLSelectElement> & { label?: string; error?: string; } & RefAttributes<HTMLSelectElement>'.
  Property 'options' does not exist on type 'IntrinsicAttributes & SelectHTMLAttributes<HTMLSelectElement> & { label?: string; error?: string; } & RefAttributes<HTMLSelectElement>'.
views/reports/ReportBuilder.tsx(936,15): error TS2322: Type '{ value: "string" | "number" | "boolean" | "percentage" | "currency" | "date" | "datetime"; onChange: (value: ChangeEvent<HTMLSelectElement, HTMLSelectElement>) => void; options: { ...; }[]; }' is not assignable to type 'IntrinsicAttributes & SelectHTMLAttributes<HTMLSelectElement> & { label?: string; error?: string; } & RefAttributes<HTMLSelectElement>'.
  Property 'options' does not exist on type 'IntrinsicAttributes & SelectHTMLAttributes<HTMLSelectElement> & { label?: string; error?: string; } & RefAttributes<HTMLSelectElement>'.
views/reports/ReportBuilder.tsx(952,15): error TS2322: Type '{ value: string; onChange: (value: ChangeEvent<HTMLSelectElement, HTMLSelectElement>) => void; options: { value: string; label: string; }[]; }' is not assignable to type 'IntrinsicAttributes & SelectHTMLAttributes<HTMLSelectElement> & { label?: string; error?: string; } & RefAttributes<HTMLSelectElement>'.
  Property 'options' does not exist on type 'IntrinsicAttributes & SelectHTMLAttributes<HTMLSelectElement> & { label?: string; error?: string; } & RefAttributes<HTMLSelectElement>'.
views/reports/ReportBuilder.tsx(988,33): error TS2339: Property 'filterable' does not exist on type 'ReportColumn'.
views/reports/ReportBuilder.tsx(1042,35): error TS2304: Cannot find name 'FilterOperator'.
views/reports/ReportBuilder.tsx(1065,18): error TS2322: Type '{ children: Element; open: true; onClose: () => void; title: string; }' is not assignable to type 'IntrinsicAttributes & DialogProps'.
  Property 'onClose' does not exist on type 'IntrinsicAttributes & DialogProps'.
views/reports/ReportBuilder.tsx(1071,46): error TS2345: Argument of type '(prev: ReportFilter) => { field: ChangeEvent<HTMLSelectElement, HTMLSelectElement>; id: string; operator: FilterOperator; ... 5 more ...; parameterOrder?: number; }' is not assignable to parameter of type 'SetStateAction<ReportFilter>'.
  Type '(prev: ReportFilter) => { field: ChangeEvent<HTMLSelectElement, HTMLSelectElement>; id: string; operator: FilterOperator; ... 5 more ...; parameterOrder?: number; }' is not assignable to type '(prevState: ReportFilter) => ReportFilter'.
    Call signature return types '{ field: ChangeEvent<HTMLSelectElement, HTMLSelectElement>; id: string; operator: FilterOperator; value: any; ... 4 more ...; parameterOrder?: number; }' and 'ReportFilter' are incompatible.
      The types of 'field' are incompatible between these types.
        Type 'ChangeEvent<HTMLSelectElement, HTMLSelectElement>' is not assignable to type 'string'.
views/reports/ReportBuilder.tsx(1072,13): error TS2322: Type '{ value: string; onChange: (value: ChangeEvent<HTMLSelectElement, HTMLSelectElement>) => void; options: { value: string; label: string; }[]; }' is not assignable to type 'IntrinsicAttributes & SelectHTMLAttributes<HTMLSelectElement> & { label?: string; error?: string; } & RefAttributes<HTMLSelectElement>'.
  Property 'options' does not exist on type 'IntrinsicAttributes & SelectHTMLAttributes<HTMLSelectElement> & { label?: string; error?: string; } & RefAttributes<HTMLSelectElement>'.
views/reports/ReportBuilder.tsx(1080,85): error TS2304: Cannot find name 'FilterOperator'.
views/reports/ReportBuilder.tsx(1081,13): error TS2322: Type '{ value: FilterOperator; onChange: (value: ChangeEvent<HTMLSelectElement, HTMLSelectElement>) => void; options: { ...; }[]; }' is not assignable to type 'IntrinsicAttributes & SelectHTMLAttributes<HTMLSelectElement> & { label?: string; error?: string; } & RefAttributes<HTMLSelectElement>'.
  Property 'options' does not exist on type 'IntrinsicAttributes & SelectHTMLAttributes<HTMLSelectElement> & { label?: string; error?: string; } & RefAttributes<HTMLSelectElement>'.
views/reports/ReportDashboard.tsx(111,41): error TS2339: Property 'parameters' does not exist on type 'ReportDefinition'.
views/reports/ReportDashboard.tsx(190,11): error TS2741: Property 'tax' is missing in type '{ financial: string; sales: string; inventory: string; purchasing: string; hr: string; production: string; banking: string; custom: string; }' but required in type 'Record<ReportCategory, string>'.
views/reports/ReportDashboard.tsx(423,54): error TS2352: Conversion of type 'ChangeEvent<HTMLSelectElement, HTMLSelectElement>' to type '"all" | ReportCategory' may be a mistake because neither type sufficiently overlaps with the other. If this was intentional, convert the expression to 'unknown' first.
views/reports/ReportDashboard.tsx(424,13): error TS2322: Type '{ value: "all" | ReportCategory; onChange: (value: ChangeEvent<HTMLSelectElement, HTMLSelectElement>) => void; options: { ...; }[]; className: string; }' is not assignable to type 'IntrinsicAttributes & SelectHTMLAttributes<HTMLSelectElement> & { label?: string; error?: string; } & RefAttributes<HTMLSelectElement>'.
  Property 'options' does not exist on type 'IntrinsicAttributes & SelectHTMLAttributes<HTMLSelectElement> & { label?: string; error?: string; } & RefAttributes<HTMLSelectElement>'.
views/reports/ReportDashboard.tsx(484,11): error TS2322: Type '{ children: Element; open: true; onClose: () => void; title: string; }' is not assignable to type 'IntrinsicAttributes & DialogProps'.
  Property 'onClose' does not exist on type 'IntrinsicAttributes & DialogProps'.
views/reports/ReportDashboard.tsx(508,11): error TS2322: Type '{ children: Element; open: true; onClose: () => void; title: string; }' is not assignable to type 'IntrinsicAttributes & DialogProps'.
  Property 'onClose' does not exist on type 'IntrinsicAttributes & DialogProps'.
views/reports/ReportDashboard.tsx(516,29): error TS2339: Property 'parameters' does not exist on type 'ReportDefinition'.
views/reports/ReportDashboard.tsx(590,21): error TS2322: Type '{ value: any; onChange: (value: ChangeEvent<HTMLSelectElement, HTMLSelectElement>) => void; options: any; }' is not assignable to type 'IntrinsicAttributes & SelectHTMLAttributes<HTMLSelectElement> & { label?: string; error?: string; } & RefAttributes<HTMLSelectElement>'.
  Property 'options' does not exist on type 'IntrinsicAttributes & SelectHTMLAttributes<HTMLSelectElement> & { label?: string; error?: string; } & RefAttributes<HTMLSelectElement>'.
views/reports/RoundingAnalytics.tsx(14,3): error TS2305: Module '"../../types"' has no exported member 'RoundingDashboardData'.
views/reports/RoundingAnalytics.tsx(15,3): error TS2305: Module '"../../types"' has no exported member 'RoundingInsight'.
views/reports/RoundingAnalytics.tsx(16,3): error TS2305: Module '"../../types"' has no exported member 'RoundingMethodPerformanceRow'.
views/reports/RoundingAnalytics.tsx(17,3): error TS2305: Module '"../../types"' has no exported member 'RoundingPeriodReportRow'.
views/reports/RoundingAnalytics.tsx(18,3): error TS2305: Module '"../../types"' has no exported member 'RoundingPriceHistoryEntry'.
views/reports/RoundingAnalytics.tsx(19,3): error TS2305: Module '"../../types"' has no exported member 'RoundingProductPerformanceRow'.
views/reports/RoundingAnalytics.tsx(20,3): error TS2305: Module '"../../types"' has no exported member 'RoundingProfitProjection'.
views/reports/RoundingAnalytics.tsx(21,3): error TS2305: Module '"../../types"' has no exported member 'RoundingProfitSummary'.
views/reports/RoundingAnalytics.tsx(22,3): error TS2305: Module '"../../types"' has no exported member 'RoundingTopProductRow'.
views/reports/SalesAudit.tsx(10,10): error TS2305: Module '"../../types"' has no exported member 'Sale'.
views/reports/SalesAudit.tsx(10,16): error TS2305: Module '"../../types"' has no exported member 'CustomerPayment'.
views/sales/Clients.tsx(11,10): error TS2305: Module '"../../types"' has no exported member 'Customer'.
views/sales/Clients.tsx(11,20): error TS2305: Module '"../../types"' has no exported member 'Invoice'.
views/sales/Clients.tsx(11,29): error TS2305: Module '"../../types"' has no exported member 'CustomerPayment'.
views/sales/components/ClientModal.tsx(3,10): error TS2305: Module '"../../../types"' has no exported member 'Customer'.
views/sales/components/CustomerWorkspace.tsx(18,10): error TS2305: Module '"../../../types"' has no exported member 'Customer'.
views/sales/components/CustomerWorkspace.tsx(18,20): error TS2305: Module '"../../../types"' has no exported member 'Invoice'.
views/sales/components/CustomerWorkspace.tsx(18,29): error TS2305: Module '"../../../types"' has no exported member 'CustomerPayment'.
views/sales/components/CustomerWorkspace.tsx(18,46): error TS2305: Module '"../../../types"' has no exported member 'Sale'.
views/sales/components/CustomerWorkspace.tsx(18,52): error TS2305: Module '"../../../types"' has no exported member 'Quotation'.
views/sales/components/CustomerWorkspace.tsx(18,63): error TS2305: Module '"../../../types"' has no exported member 'AuditLogEntry'.
views/sales/components/CustomerWorkspace.tsx(1057,22): error TS2304: Cannot find name 'Eye'.
views/sales/components/ExchangeDetailsModal.tsx(9,10): error TS2305: Module '"../../../types"' has no exported member 'SalesExchange'.
views/sales/components/ExchangeRequestModal.tsx(9,10): error TS2305: Module '"../../../types"' has no exported member 'Sale'.
views/sales/components/ExchangeRequestModal.tsx(9,16): error TS2305: Module '"../../../types"' has no exported member 'SalesExchange'.
views/sales/components/ExchangeRequestModal.tsx(9,31): error TS2305: Module '"../../../types"' has no exported member 'SalesExchangeItem'.
views/sales/components/InvoiceDetails.tsx(10,10): error TS2305: Module '"../../../types"' has no exported member 'Invoice'.
views/sales/components/InvoiceDetails.tsx(10,19): error TS2305: Module '"../../../types"' has no exported member 'CustomerPayment'.
views/sales/components/InvoiceDetails.tsx(10,36): error TS2305: Module '"../../../types"' has no exported member 'InvoiceAllocation'.
views/sales/components/JobOrderDetails.tsx(13,10): error TS2305: Module '"../../../types"' has no exported member 'JobOrder'.
views/sales/components/JobOrderDetails.tsx(13,20): error TS2305: Module '"../../../types"' has no exported member 'Attachment'.
views/sales/components/JobOrderDetails.tsx(13,32): error TS2305: Module '"../../../types"' has no exported member 'InvoiceAllocation'.
views/sales/components/JobOrderDetails.tsx(13,51): error TS2305: Module '"../../../types"' has no exported member 'InkCoverage'.
views/sales/components/OrderDetails.tsx(8,10): error TS2305: Module '"../../../types"' has no exported member 'Order'.
views/sales/components/OrderDetails.tsx(8,17): error TS2305: Module '"../../../types"' has no exported member 'OrderPayment'.
views/sales/components/OrderDetails.tsx(8,31): error TS2305: Module '"../../../types"' has no exported member 'OrderItem'.
views/sales/components/OrderForm.tsx(6,10): error TS2305: Module '"../../../types"' has no exported member 'CartItem'.
views/sales/components/OrderForm.tsx(6,20): error TS2305: Module '"../../../types"' has no exported member 'Item'.
views/sales/components/OrderForm.tsx(6,26): error TS2305: Module '"../../../types"' has no exported member 'Invoice'.
views/sales/components/OrderForm.tsx(6,35): error TS2305: Module '"../../../types"' has no exported member 'ProductVariant'.
views/sales/components/OrderForm.tsx(6,51): error TS2305: Module '"../../../types"' has no exported member 'Account'.
views/sales/components/OrderForm.tsx(6,60): error TS2305: Module '"../../../types"' has no exported member 'OrderItem'.
views/sales/components/OrderForm.tsx(6,71): error TS2305: Module '"../../../types"' has no exported member 'OrderPayment'.
views/sales/components/OrderForm.tsx(6,85): error TS2305: Module '"../../../types"' has no exported member 'BOMTemplate'.
views/sales/components/OrderForm.tsx(6,98): error TS2305: Module '"../../../types"' has no exported member 'AdjustmentSnapshot'.
views/sales/components/OrderForm.tsx(6,118): error TS2305: Module '"../../../types"' has no exported member 'Customer'.
views/sales/components/ProfitAnalysisModal.tsx(5,10): error TS2305: Module '"../../../types"' has no exported member 'Invoice'.
views/sales/components/ProfitAnalysisModal.tsx(5,19): error TS2305: Module '"../../../types"' has no exported member 'WorkOrder'.
views/sales/components/ProfitAnalysisModal.tsx(125,26): error TS2304: Cannot find name 'ShieldCheck'.
views/sales/components/QuotationDetails.tsx(9,10): error TS2305: Module '"../../../types"' has no exported member 'Quotation'.
views/sales/components/SalesLists.tsx(7,10): error TS2305: Module '"../../../types"' has no exported member 'Quotation'.
views/sales/components/SalesLists.tsx(7,21): error TS2305: Module '"../../../types"' has no exported member 'Invoice'.
views/sales/components/SalesLists.tsx(7,30): error TS2305: Module '"../../../types"' has no exported member 'JobOrder'.
views/sales/components/SalesLists.tsx(7,40): error TS2305: Module '"../../../types"' has no exported member 'RecurringInvoice'.
views/sales/components/SalesLists.tsx(7,58): error TS2305: Module '"../../../types"' has no exported member 'DeliveryNote'.
views/sales/components/SalesLists.tsx(7,72): error TS2305: Module '"../../../types"' has no exported member 'CartItem'.
views/sales/components/SalesLists.tsx(7,82): error TS2305: Module '"../../../types"' has no exported member 'SalesExchange'.
views/sales/components/SalesLists.tsx(7,97): error TS2305: Module '"../../../types"' has no exported member 'Order'.
views/sales/components/SubscriptionView.tsx(9,10): error TS2305: Module '"../../../types"' has no exported member 'RecurringInvoice'.
views/sales/JobTickets.tsx(223,24): error TS2350: Only a void function can be called with the 'new' keyword.
views/sales/JobTickets.tsx(223,41): error TS2554: Expected 1 arguments, but got 3.
views/sales/Orders.tsx(15,10): error TS2305: Module '"../../types"' has no exported member 'Quotation'.
views/sales/Orders.tsx(15,21): error TS2305: Module '"../../types"' has no exported member 'Invoice'.
views/sales/Orders.tsx(15,30): error TS2305: Module '"../../types"' has no exported member 'DeliveryNote'.
views/sales/Orders.tsx(15,44): error TS2305: Module '"../../types"' has no exported member 'RecurringInvoice'.
views/sales/Orders.tsx(15,62): error TS2305: Module '"../../types"' has no exported member 'CartItem'.
views/sales/Orders.tsx(15,72): error TS2305: Module '"../../types"' has no exported member 'Order'.
views/sales/Orders.tsx(15,79): error TS2305: Module '"../../types"' has no exported member 'JobOrder'.
views/sales/Payments.tsx(7,10): error TS2305: Module '"../../types"' has no exported member 'CustomerPayment'.
views/sales/Payments.tsx(7,27): error TS2305: Module '"../../types"' has no exported member 'InvoiceAllocation'.
views/sales/Payments.tsx(7,46): error TS2305: Module '"../../types"' has no exported member 'Sale'.
views/sales/Payments.tsx(7,52): error TS2305: Module '"../../types"' has no exported member 'Invoice'.
views/sales/Payments.tsx(7,61): error TS2305: Module '"../../types"' has no exported member 'SupplierPayment'.
views/sales/Payments.tsx(7,78): error TS2305: Module '"../../types"' has no exported member 'PurchaseAllocation'.
views/sales/Payments.tsx(7,98): error TS2305: Module '"../../types"' has no exported member 'LedgerEntry'.
views/sales/Payments.tsx(7,111): error TS2305: Module '"../../types"' has no exported member 'WalletTransaction'.
views/sales/Payments.tsx(353,56): error TS2304: Cannot find name 'navigate'.
views/sales/SalesExchanges.tsx(6,10): error TS2305: Module '"../../types"' has no exported member 'SalesExchange'.
views/sales/SalesOrderDetail.tsx(9,11): error TS2339: Property 'updateSalesOrder' does not exist on type 'SalesState'.
views/sales/SalesOrders.tsx(8,51): error TS2339: Property 'addSalesOrder' does not exist on type 'SalesState'.
views/sales/SalesOrders.tsx(8,66): error TS2339: Property 'updateSalesOrder' does not exist on type 'SalesState'.
views/sales/ShippingManager.tsx(10,10): error TS2305: Module '"../../types"' has no exported member 'Shipment'.
views/sales/ShippingManager.tsx(10,20): error TS2305: Module '"../../types"' has no exported member 'DeliveryNote'.
views/sales/ShippingManager.tsx(10,34): error TS2305: Module '"../../types"' has no exported member 'Employee'.
views/sales/ShippingManager.tsx(10,44): error TS2305: Module '"../../types"' has no exported member 'SignatureInputMode'.
views/Settings.tsx(15,25): error TS2305: Module '"../types"' has no exported member 'NumberingRule'.
views/Settings.tsx(15,40): error TS2305: Module '"../types"' has no exported member 'PricingRoundingMethod'.
views/Settings.tsx(964,112): error TS2322: Type 'string' is not assignable to type '"Nearest" | "Up" | "Down" | "Truncate"'.
views/Settings.tsx(1478,143): error TS2322: Type 'string' is not assignable to type '"Standard" | "Advanced" | "Custom" | "Classic" | "Modern" | "Professional" | "Clean"'.
views/Settings.tsx(1967,125): error TS2339: Property 'name' does not exist on type '{ id?: string; baseUrl: string; apiKey: string; enabled: boolean; }'.
views/Settings.tsx(2380,160): error TS2339: Property 'lastSyncTimestamp' does not exist on type 'CloudSyncConfig'.
views/Settings.tsx(2466,79): error TS2339: Property 'triggerCloudSync' does not exist on type '{ auth: { login: (username: string, password?: string, mfaCode?: string) => Promise<{ status: number; error: string; data?: undefined; } | { status: number; data: User; error?: undefined; }>; }; ... 11 more ...; system: { ...; }; }'.
views/Settings.tsx(2545,80): error TS2339: Property 'name' does not exist on type '{ id?: string; baseUrl: string; apiKey: string; enabled: boolean; }'.
views/Settings.tsx(2548,100): error TS2353: Object literal may only specify known properties, and 'name' does not exist in type '{ id?: string; baseUrl: string; apiKey: string; enabled: boolean; }'.
views/Settings.tsx(2721,99): error TS2339: Property 'emailEnabled' does not exist on type '{ customerActivityNotifications: boolean; smsGatewayEnabled: boolean; emailGatewayEnabled: boolean; }'.
views/Settings.tsx(2726,69): error TS2322: Type '{ emailEnabled: boolean; customerActivityNotifications: boolean; smsGatewayEnabled: boolean; emailGatewayEnabled: boolean; } | { emailEnabled: boolean; smsEnabled: false; systemAlertsEnabled: true; syncIntervalMinutes: number; lastSyncTimestamp: string; syncStatus: string; autoSyncEnabled: false; }' is not assignable to type '{ customerActivityNotifications: boolean; smsGatewayEnabled: boolean; emailGatewayEnabled: boolean; }'.
  Object literal may only specify known properties, and 'emailEnabled' does not exist in type '{ customerActivityNotifications: boolean; smsGatewayEnabled: boolean; emailGatewayEnabled: boolean; }'.
views/Settings.tsx(2745,99): error TS2339: Property 'smsEnabled' does not exist on type '{ customerActivityNotifications: boolean; smsGatewayEnabled: boolean; emailGatewayEnabled: boolean; }'.
views/Settings.tsx(2750,69): error TS2322: Type '{ smsEnabled: boolean; customerActivityNotifications: boolean; smsGatewayEnabled: boolean; emailGatewayEnabled: boolean; } | { smsEnabled: boolean; emailEnabled: false; systemAlertsEnabled: true; syncIntervalMinutes: number; lastSyncTimestamp: string; syncStatus: string; autoSyncEnabled: false; }' is not assignable to type '{ customerActivityNotifications: boolean; smsGatewayEnabled: boolean; emailGatewayEnabled: boolean; }'.
  Object literal may only specify known properties, and 'smsEnabled' does not exist in type '{ customerActivityNotifications: boolean; smsGatewayEnabled: boolean; emailGatewayEnabled: boolean; }'.
views/Settings.tsx(2773,97): error TS2339: Property 'lowStockThreshold' does not exist on type '{ customerActivityNotifications: boolean; smsGatewayEnabled: boolean; emailGatewayEnabled: boolean; }'.
views/Settings.tsx(2778,69): error TS2322: Type '{ lowStockThreshold: number; customerActivityNotifications: boolean; smsGatewayEnabled: boolean; emailGatewayEnabled: boolean; } | { lowStockThreshold: number; emailEnabled: false; ... 5 more ...; autoSyncEnabled: false; }' is not assignable to type '{ customerActivityNotifications: boolean; smsGatewayEnabled: boolean; emailGatewayEnabled: boolean; }'.
  Object literal may only specify known properties, and 'lowStockThreshold' does not exist in type '{ customerActivityNotifications: boolean; smsGatewayEnabled: boolean; emailGatewayEnabled: boolean; }'.
views/Settings.tsx(2792,97): error TS2339: Property 'largeTransactionThreshold' does not exist on type '{ customerActivityNotifications: boolean; smsGatewayEnabled: boolean; emailGatewayEnabled: boolean; }'.
views/Settings.tsx(2797,69): error TS2322: Type '{ largeTransactionThreshold: number; customerActivityNotifications: boolean; smsGatewayEnabled: boolean; emailGatewayEnabled: boolean; } | { largeTransactionThreshold: number; emailEnabled: false; ... 5 more ...; autoSyncEnabled: false; }' is not assignable to type '{ customerActivityNotifications: boolean; smsGatewayEnabled: boolean; emailGatewayEnabled: boolean; }'.
  Object literal may only specify known properties, and 'largeTransactionThreshold' does not exist in type '{ customerActivityNotifications: boolean; smsGatewayEnabled: boolean; emailGatewayEnabled: boolean; }'.
views/Settings.tsx(2813,89): error TS2339: Property 'dailySummaryTime' does not exist on type '{ customerActivityNotifications: boolean; smsGatewayEnabled: boolean; emailGatewayEnabled: boolean; }'.
views/Settings.tsx(2818,61): error TS2322: Type '{ dailySummaryTime: string; customerActivityNotifications: boolean; smsGatewayEnabled: boolean; emailGatewayEnabled: boolean; } | { dailySummaryTime: string; emailEnabled: false; smsEnabled: false; ... 4 more ...; autoSyncEnabled: false; }' is not assignable to type '{ customerActivityNotifications: boolean; smsGatewayEnabled: boolean; emailGatewayEnabled: boolean; }'.
  Object literal may only specify known properties, and 'dailySummaryTime' does not exist in type '{ customerActivityNotifications: boolean; smsGatewayEnabled: boolean; emailGatewayEnabled: boolean; }'.
views/Settings.tsx(3316,98): error TS2339: Property 'activateLicense' does not exist on type '{ auth: { login: (username: string, password?: string, mfaCode?: string) => Promise<{ status: number; error: string; data?: undefined; } | { status: number; data: User; error?: undefined; }>; }; ... 11 more ...; system: { ...; }; }'.
views/settings/CurrencySettings.tsx(3,34): error TS2395: Individual declarations in merged declaration 'CurrencySettings' must be all exported or all local.
views/settings/CurrencySettings.tsx(3,34): error TS2865: Import 'CurrencySettings' conflicts with local value, so must be declared with a type-only import when 'isolatedModules' is enabled.
views/settings/CurrencySettings.tsx(9,14): error TS2395: Individual declarations in merged declaration 'CurrencySettings' must be all exported or all local.
views/shared/components/PDF/PrimeDocument.tsx(192,60): error TS2339: Property 'logoBase64' does not exist on type 'CompanyConfig'.
views/shared/components/PDF/StatementSummaryTemplate.tsx(31,60): error TS2339: Property 'logoBase64' does not exist on type 'CompanyConfig'.
views/shared/components/PDF/StatementSummaryTemplate.tsx(94,76): error TS2769: No overload matches this call.
  Overload 1 of 2, '(props: PropsWithChildren<TextProps> | SVGTextProps): Text', gave the following error.
    Type 'unknown' is not assignable to type 'ReactNode'.
  Overload 2 of 2, '(props: PropsWithChildren<TextProps> | SVGTextProps, context: any): Text', gave the following error.
    Type 'unknown' is not assignable to type 'ReactNode'.
views/shared/components/PDF/StatementTemplate.tsx(158,24): error TS2339: Property 'logoBase64' does not exist on type 'CompanyConfig'.
views/shared/components/PDF/templateSettings.ts(108,29): error TS2339: Property 'engine' does not exist on type '{}'.
views/shared/components/PDF/templateSettings.ts(109,54): error TS2339: Property 'accentColor' does not exist on type '{}'.
views/shared/components/PDF/templateSettings.ts(111,22): error TS2339: Property 'companyNameFontSize' does not exist on type '{}'.
views/shared/components/PDF/templateSettings.ts(117,22): error TS2339: Property 'bodyFontSize' does not exist on type '{}'.
views/shared/components/PDF/templateSettings.ts(122,52): error TS2339: Property 'fontFamily' does not exist on type '{}'.
views/shared/components/PDF/templateSettings.ts(124,22): error TS2339: Property 'logoWidth' does not exist on type '{}'.
views/shared/components/PDF/templateSettings.ts(129,37): error TS2339: Property 'showCompanyLogo' does not exist on type '{}'.
views/shared/components/PDF/templateSettings.ts(130,38): error TS2339: Property 'showPaymentTerms' does not exist on type '{}'.
views/shared/components/PDF/templateSettings.ts(131,33): error TS2339: Property 'showDueDate' does not exist on type '{}'.
views/shared/components/PDF/templateSettings.ts(132,62): error TS2339: Property 'showOutstandingAndWalletBalances' does not exist on type '{}'.
views/Tasks.tsx(10,10): error TS2305: Module '"../types"' has no exported member 'CRMTask'.
views/tools/BarcodePrinter.tsx(5,10): error TS2305: Module '"../../types"' has no exported member 'Item'.
views/tools/ChequeManager.tsx(6,10): error TS2305: Module '"../../types"' has no exported member 'Cheque'.
views/tools/MarketAdjustments.tsx(4,10): error TS2305: Module '"../../types"' has no exported member 'MarketAdjustment'.
views/tools/MarketAdjustments.tsx(4,28): error TS2305: Module '"../../types"' has no exported member 'MarketAdjustmentTransaction'.
views/tools/SmartPricing.tsx(4,10): error TS2305: Module '"../../types"' has no exported member 'MarketAdjustment'.
views/tools/SmartPricing.tsx(4,28): error TS2305: Module '"../../types"' has no exported member 'SmartPricingConfig'.
views/tools/SmartPricing.tsx(4,48): error TS2305: Module '"../../types"' has no exported member 'BOMTemplate'.
views/vat/VatReports.tsx(8,10): error TS2305: Module '"../../types"' has no exported member 'VatReturn'.
views/vat/VatSettings.tsx(4,10): error TS2724: '"../../types"' has no exported member named 'VatConfig'. Did you mean 'VATConfig'?
views/workflows/WorkflowDesigner.tsx(20,11): error TS2339: Property 'currentUser' does not exist on type 'AuthContextType'.
views/workflows/WorkflowDesigner.tsx(231,21): error TS2322: Type '"secondary"' is not assignable to type '"default" | "outline" | "destructive" | "ghost"'.
views/workflows/WorkflowDesigner.tsx(235,19): error TS2322: Type '"secondary"' is not assignable to type '"default" | "outline" | "destructive" | "ghost"'.
views/workflows/WorkflowDesigner.tsx(524,37): error TS2322: Type '"secondary"' is not assignable to type '"default" | "outline" | "destructive" | "ghost"'.
views/workflows/WorkflowDesigner.tsx(621,23): error TS2322: Type '"secondary"' is not assignable to type '"default" | "outline" | "destructive" | "ghost"'.
views/workflows/WorkflowManager.tsx(20,11): error TS2339: Property 'currentUser' does not exist on type 'AuthContextType'.
